Archive member included to satisfy reference by file (symbol)

d:/stm32cubeide_1.10.1/stm32cubeide/plugins/com.st.stm32cube.ide.mcu.externaltools.gnu-tools-for-stm32.10.3-2021.10.win32_1.0.0.202111181127/tools/bin/../lib/gcc/arm-none-eabi/10.3.1/../../../../arm-none-eabi/lib/thumb/v7e-m+fp/hard\libc_nano.a(lib_a-errno.o)
                              ./Core/Src/syscalls.o (__errno)
d:/stm32cubeide_1.10.1/stm32cubeide/plugins/com.st.stm32cube.ide.mcu.externaltools.gnu-tools-for-stm32.10.3-2021.10.win32_1.0.0.202111181127/tools/bin/../lib/gcc/arm-none-eabi/10.3.1/../../../../arm-none-eabi/lib/thumb/v7e-m+fp/hard\libc_nano.a(lib_a-exit.o)
                              d:/stm32cubeide_1.10.1/stm32cubeide/plugins/com.st.stm32cube.ide.mcu.externaltools.gnu-tools-for-stm32.10.3-2021.10.win32_1.0.0.202111181127/tools/bin/../lib/gcc/arm-none-eabi/10.3.1/../../../../arm-none-eabi/lib/thumb/v7e-m+fp/hard/crt0.o (exit)
d:/stm32cubeide_1.10.1/stm32cubeide/plugins/com.st.stm32cube.ide.mcu.externaltools.gnu-tools-for-stm32.10.3-2021.10.win32_1.0.0.202111181127/tools/bin/../lib/gcc/arm-none-eabi/10.3.1/../../../../arm-none-eabi/lib/thumb/v7e-m+fp/hard\libc_nano.a(lib_a-impure.o)
                              d:/stm32cubeide_1.10.1/stm32cubeide/plugins/com.st.stm32cube.ide.mcu.externaltools.gnu-tools-for-stm32.10.3-2021.10.win32_1.0.0.202111181127/tools/bin/../lib/gcc/arm-none-eabi/10.3.1/../../../../arm-none-eabi/lib/thumb/v7e-m+fp/hard\libc_nano.a(lib_a-exit.o) (_global_impure_ptr)
d:/stm32cubeide_1.10.1/stm32cubeide/plugins/com.st.stm32cube.ide.mcu.externaltools.gnu-tools-for-stm32.10.3-2021.10.win32_1.0.0.202111181127/tools/bin/../lib/gcc/arm-none-eabi/10.3.1/../../../../arm-none-eabi/lib/thumb/v7e-m+fp/hard\libc_nano.a(lib_a-init.o)
                              d:/stm32cubeide_1.10.1/stm32cubeide/plugins/com.st.stm32cube.ide.mcu.externaltools.gnu-tools-for-stm32.10.3-2021.10.win32_1.0.0.202111181127/tools/bin/../lib/gcc/arm-none-eabi/10.3.1/../../../../arm-none-eabi/lib/thumb/v7e-m+fp/hard/crt0.o (__libc_init_array)
d:/stm32cubeide_1.10.1/stm32cubeide/plugins/com.st.stm32cube.ide.mcu.externaltools.gnu-tools-for-stm32.10.3-2021.10.win32_1.0.0.202111181127/tools/bin/../lib/gcc/arm-none-eabi/10.3.1/../../../../arm-none-eabi/lib/thumb/v7e-m+fp/hard\libc_nano.a(lib_a-memcpy-stub.o)
                              ./Drivers/OLED/ssd1306.o (memcpy)
d:/stm32cubeide_1.10.1/stm32cubeide/plugins/com.st.stm32cube.ide.mcu.externaltools.gnu-tools-for-stm32.10.3-2021.10.win32_1.0.0.202111181127/tools/bin/../lib/gcc/arm-none-eabi/10.3.1/../../../../arm-none-eabi/lib/thumb/v7e-m+fp/hard\libc_nano.a(lib_a-memset.o)
                              d:/stm32cubeide_1.10.1/stm32cubeide/plugins/com.st.stm32cube.ide.mcu.externaltools.gnu-tools-for-stm32.10.3-2021.10.win32_1.0.0.202111181127/tools/bin/../lib/gcc/arm-none-eabi/10.3.1/../../../../arm-none-eabi/lib/thumb/v7e-m+fp/hard/crt0.o (memset)
d:/stm32cubeide_1.10.1/stm32cubeide/plugins/com.st.stm32cube.ide.mcu.externaltools.gnu-tools-for-stm32.10.3-2021.10.win32_1.0.0.202111181127/tools/bin/../lib/gcc/arm-none-eabi/10.3.1/../../../../arm-none-eabi/lib/thumb/v7e-m+fp/hard\libc_nano.a(lib_a-sprintf.o)
                              ./Core/Src/main.o (sprintf)
d:/stm32cubeide_1.10.1/stm32cubeide/plugins/com.st.stm32cube.ide.mcu.externaltools.gnu-tools-for-stm32.10.3-2021.10.win32_1.0.0.202111181127/tools/bin/../lib/gcc/arm-none-eabi/10.3.1/../../../../arm-none-eabi/lib/thumb/v7e-m+fp/hard\libc_nano.a(lib_a-nano-svfprintf.o)
                              d:/stm32cubeide_1.10.1/stm32cubeide/plugins/com.st.stm32cube.ide.mcu.externaltools.gnu-tools-for-stm32.10.3-2021.10.win32_1.0.0.202111181127/tools/bin/../lib/gcc/arm-none-eabi/10.3.1/../../../../arm-none-eabi/lib/thumb/v7e-m+fp/hard\libc_nano.a(lib_a-sprintf.o) (_svfprintf_r)
d:/stm32cubeide_1.10.1/stm32cubeide/plugins/com.st.stm32cube.ide.mcu.externaltools.gnu-tools-for-stm32.10.3-2021.10.win32_1.0.0.202111181127/tools/bin/../lib/gcc/arm-none-eabi/10.3.1/../../../../arm-none-eabi/lib/thumb/v7e-m+fp/hard\libc_nano.a(lib_a-nano-vfprintf_i.o)
                              d:/stm32cubeide_1.10.1/stm32cubeide/plugins/com.st.stm32cube.ide.mcu.externaltools.gnu-tools-for-stm32.10.3-2021.10.win32_1.0.0.202111181127/tools/bin/../lib/gcc/arm-none-eabi/10.3.1/../../../../arm-none-eabi/lib/thumb/v7e-m+fp/hard\libc_nano.a(lib_a-nano-svfprintf.o) (_printf_i)
d:/stm32cubeide_1.10.1/stm32cubeide/plugins/com.st.stm32cube.ide.mcu.externaltools.gnu-tools-for-stm32.10.3-2021.10.win32_1.0.0.202111181127/tools/bin/../lib/gcc/arm-none-eabi/10.3.1/../../../../arm-none-eabi/lib/thumb/v7e-m+fp/hard\libc_nano.a(lib_a-memchr.o)
                              d:/stm32cubeide_1.10.1/stm32cubeide/plugins/com.st.stm32cube.ide.mcu.externaltools.gnu-tools-for-stm32.10.3-2021.10.win32_1.0.0.202111181127/tools/bin/../lib/gcc/arm-none-eabi/10.3.1/../../../../arm-none-eabi/lib/thumb/v7e-m+fp/hard\libc_nano.a(lib_a-nano-svfprintf.o) (memchr)
[...]
Memory Configuration

Name             Origin             Length             Attributes
RAM              0x0000000020000000 0x0000000000010000 xrw
FLASH            0x0000000008000000 0x0000000000040000 xr
*default*        0x0000000000000000 0xffffffffffffffff

Linker script and memory map

LOAD d:/stm32cubeide_1.10.1/stm32cubeide/plugins/com.st.stm32cube.ide.mcu.externaltools.gnu-tools-for-stm32.10.3-2021.10.win32_1.0.0.202111181127/tools/bin/../lib/gcc/arm-none-eabi/10.3.1/thumb/v7e-m+fp/hard/crti.o
LOAD d:/stm32cubeide_1.10.1/stm32cubeide/plugins/com.st.stm32cube.ide.mcu.externaltools.gnu-tools-for-stm32.10.3-2021.10.win32_1.0.0.202111181127/tools/bin/../lib/gcc/arm-none-eabi/10.3.1/thumb/v7e-m+fp/hard/crtbegin.o
LOAD d:/stm32cubeide_1.10.1/stm32cubeide/plugins/com.st.stm32cube.ide.mcu.externaltools.gnu-tools-for-stm32.10.3-2021.10.win32_1.0.0.202111181127/tools/bin/../lib/gcc/arm-none-eabi/10.3.1/../../../../arm-none-eabi/lib/thumb/v7e-m+fp/hard/crt0.o
LOAD ./Core/Src/gpio.o
LOAD ./Core/Src/i2c.o
LOAD ./Core/Src/main.o
LOAD ./Core/Src/mk_dht11.o
LOAD ./Core/Src/stm32f4xx_hal_msp.o
LOAD ./Core/Src/stm32f4xx_it.o
LOAD ./Core/Src/syscalls.o
LOAD ./Core/Src/sysmem.o
LOAD ./Core/Src/system_stm32f4xx.o
LOAD ./Core/Src/tim.o
LOAD ./Core/Src/usart.o
LOAD ./Core/Startup/startup_stm32f401ccux.o
LOAD ./Drivers/OLED/ssd1306.o
LOAD ./Drivers/OLED/ssd1306_fonts.o
LOAD ./Drivers/STM32F4xx_HAL_Driver/Src/stm32f4xx_hal.o
LOAD ./Drivers/STM32F4xx_HAL_Driver/Src/stm32f4xx_hal_cortex.o
LOAD ./Drivers/STM32F4xx_HAL_Driver/Src/stm32f4xx_hal_dma.o
LOAD ./Drivers/STM32F4xx_HAL_Driver/Src/stm32f4xx_hal_dma_ex.o
LOAD ./Drivers/STM32F4xx_HAL_Driver/Src/stm32f4xx_hal_exti.o
LOAD ./Drivers/STM32F4xx_HAL_Driver/Src/stm32f4xx_hal_flash.o
LOAD ./Drivers/STM32F4xx_HAL_Driver/Src/stm32f4xx_hal_flash_ex.o
LOAD ./Drivers/STM32F4xx_HAL_Driver/Src/stm32f4xx_hal_flash_ramfunc.o
LOAD ./Drivers/STM32F4xx_HAL_Driver/Src/stm32f4xx_hal_gpio.o
LOAD ./Drivers/STM32F4xx_HAL_Driver/Src/stm32f4xx_hal_i2c.o
LOAD ./Drivers/STM32F4xx_HAL_Driver/Src/stm32f4xx_hal_i2c_ex.o
LOAD ./Drivers/STM32F4xx_HAL_Driver/Src/stm32f4xx_hal_pwr.o
LOAD ./Drivers/STM32F4xx_HAL_Driver/Src/stm32f4xx_hal_pwr_ex.o
LOAD ./Drivers/STM32F4xx_HAL_Driver/Src/stm32f4xx_hal_rcc.o
LOAD ./Drivers/STM32F4xx_HAL_Driver/Src/stm32f4xx_hal_rcc_ex.o
LOAD ./Drivers/STM32F4xx_HAL_Driver/Src/stm32f4xx_hal_tim.o
LOAD ./Drivers/STM32F4xx_HAL_Driver/Src/stm32f4xx_hal_tim_ex.o
LOAD ./Drivers/STM32F4xx_HAL_Driver/Src/stm32f4xx_hal_uart.o
START GROUP
LOAD d:/stm32cubeide_1.10.1/stm32cubeide/plugins/com.st.stm32cube.ide.mcu.externaltools.gnu-tools-for-stm32.10.3-2021.10.win32_1.0.0.202111181127/tools/bin/../lib/gcc/arm-none-eabi/10.3.1/../../../../arm-none-eabi/lib/thumb/v7e-m+fp/hard\libc_nano.a
LOAD d:/stm32cubeide_1.10.1/stm32cubeide/plugins/com.st.stm32cube.ide.mcu.externaltools.gnu-tools-for-stm32.10.3-2021.10.win32_1.0.0.202111181127/tools/bin/../lib/gcc/arm-none-eabi/10.3.1/../../../../arm-none-eabi/lib/thumb/v7e-m+fp/hard\libm.a
END GROUP
START GROUP
LOAD d:/stm32cubeide_1.10.1/stm32cubeide/plugins/com.st.stm32cube.ide.mcu.externaltools.gnu-tools-for-stm32.10.3-2021.10.win32_1.0.0.202111181127/tools/bin/../lib/gcc/arm-none-eabi/10.3.1/thumb/v7e-m+fp/hard\libgcc.a
LOAD d:/stm32cubeide_1.10.1/stm32cubeide/plugins/com.st.stm32cube.ide.mcu.externaltools.gnu-tools-for-stm32.10.3-2021.10.win32_1.0.0.202111181127/tools/bin/../lib/gcc/arm-none-eabi/10.3.1/../../../../arm-none-eabi/lib/thumb/v7e-m+fp/hard\libc_nano.a
END GROUP
START GROUP
LOAD d:/stm32cubeide_1.10.1/stm32cubeide/plugins/com.st.stm32cube.ide.mcu.externaltools.gnu-tools-for-stm32.10.3-2021.10.win32_1.0.0.202111181127/tools/bin/../lib/gcc/arm-none-eabi/10.3.1/thumb/v7e-m+fp/hard\libgcc.a
LOAD d:/stm32cubeide_1.10.1/stm32cubeide/plugins/com.st.stm32cube.ide.mcu.externaltools.gnu-tools-for-stm32.10.3-2021.10.win32_1.0.0.202111181127/tools/bin/../lib/gcc/arm-none-eabi/10.3.1/../../../../arm-none-eabi/lib/thumb/v7e-m+fp/hard\libc_nano.a
LOAD d:/stm32cubeide_1.10.1/stm32cubeide/plugins/com.st.stm32cube.ide.mcu.externaltools.gnu-tools-for-stm32.10.3-2021.10.win32_1.0.0.202111181127/tools/bin/../lib/gcc/arm-none-eabi/10.3.1/../../../../arm-none-eabi/lib/thumb/v7e-m+fp/hard\libnosys.a
END GROUP
START GROUP
LOAD d:/stm32cubeide_1.10.1/stm32cubeide/plugins/com.st.stm32cube.ide.mcu.externaltools.gnu-tools-for-stm32.10.3-2021.10.win32_1.0.0.202111181127/tools/bin/../lib/gcc/arm-none-eabi/10.3.1/thumb/v7e-m+fp/hard\libgcc.a
LOAD d:/stm32cubeide_1.10.1/stm32cubeide/plugins/com.st.stm32cube.ide.mcu.externaltools.gnu-tools-for-stm32.10.3-2021.10.win32_1.0.0.202111181127/tools/bin/../lib/gcc/arm-none-eabi/10.3.1/../../../../arm-none-eabi/lib/thumb/v7e-m+fp/hard\libc_nano.a
LOAD d:/stm32cubeide_1.10.1/stm32cubeide/plugins/com.st.stm32cube.ide.mcu.externaltools.gnu-tools-for-stm32.10.3-2021.10.win32_1.0.0.202111181127/tools/bin/../lib/gcc/arm-none-eabi/10.3.1/../../../../arm-none-eabi/lib/thumb/v7e-m+fp/hard\libnosys.a
END GROUP
LOAD d:/stm32cubeide_1.10.1/stm32cubeide/plugins/com.st.stm32cube.ide.mcu.externaltools.gnu-tools-for-stm32.10.3-2021.10.win32_1.0.0.202111181127/tools/bin/../lib/gcc/arm-none-eabi/10.3.1/thumb/v7e-m+fp/hard/crtend.o
LOAD d:/stm32cubeide_1.10.1/stm32cubeide/plugins/com.st.stm32cube.ide.mcu.externaltools.gnu-tools-for-stm32.10.3-2021.10.win32_1.0.0.202111181127/tools/bin/../lib/gcc/arm-none-eabi/10.3.1/thumb/v7e-m+fp/hard/crtn.o
                0x0000000020010000                _estack = (ORIGIN (RAM) + LENGTH (RAM))
                0x0000000000000200                _Min_Heap_Size = 0x200
                0x0000000000000400                _Min_Stack_Size = 0x400

.isr_vector     0x0000000008000000      0x194
                0x0000000008000000                . = ALIGN (0x4)
 *(.isr_vector)
 .isr_vector    0x0000000008000000      0x194 ./Core/Startup/startup_stm32f401ccux.o
                0x0000000008000000                g_pfnVectors
                0x0000000008000194                . = ALIGN (0x4)

.text           0x00000000080001a0     0x4e28
                0x00000000080001a0                . = ALIGN (0x4)
 *(.text)
 .text          0x00000000080001a0       0x40 d:/stm32cubeide_1.10.1/stm32cubeide/plugins/com.st.stm32cube.ide.mcu.externaltools.gnu-tools-for-stm32.10.3-2021.10.win32_1.0.0.202111181127/tools/bin/../lib/gcc/arm-none-eabi/10.3.1/thumb/v7e-m+fp/hard/crtbegin.o
 .text          0x00000000080001e0       0xa0 d:/stm32cubeide_1.10.1/stm32cubeide/plugins/com.st.stm32cube.ide.mcu.externaltools.gnu-tools-for-stm32.10.3-2021.10.win32_1.0.0.202111181127/tools/bin/../lib/gcc/arm-none-eabi/10.3.1/../../../../arm-none-eabi/lib/thumb/v7e-m+fp/hard\libc_nano.a(lib_a-memchr.o)
                0x00000000080001e0                memchr
 .text          0x0000000008000280       0x30 d:/stm32cubeide_1.10.1/stm32cubeide/plugins/com.st.stm32cube.ide.mcu.externaltools.gnu-tools-for-stm32.10.3-2021.10.win32_1.0.0.202111181127/tools/bin/../lib/gcc/arm-none-eabi/10.3.1/thumb/v7e-m+fp/hard\libgcc.a(_aeabi_uldivmod.o)
                0x0000000008000280                __aeabi_uldivmod
 .text          0x00000000080002b0      0x2d0 d:/stm32cubeide_1.10.1/stm32cubeide/plugins/com.st.stm32cube.ide.mcu.externaltools.gnu-tools-for-stm32.10.3-2021.10.win32_1.0.0.202111181127/tools/bin/../lib/gcc/arm-none-eabi/10.3.1/thumb/v7e-m+fp/hard\libgcc.a(_udivmoddi4.o)
                0x00000000080002b0                __udivmoddi4
 .text          0x0000000008000580        0x4 d:/stm32cubeide_1.10.1/stm32cubeide/plugins/com.st.stm32cube.ide.mcu.externaltools.gnu-tools-for-stm32.10.3-2021.10.win32_1.0.0.202111181127/tools/bin/../lib/gcc/arm-none-eabi/10.3.1/thumb/v7e-m+fp/hard\libgcc.a(_dvmd_tls.o)
                0x0000000008000580                __aeabi_idiv0
                0x0000000008000580                __aeabi_ldiv0
 *(.text*)
 .text.MX_GPIO_Init
                0x0000000008000584       0xa4 ./Core/Src/gpio.o
                0x0000000008000584                MX_GPIO_Init
 .text.MX_I2C1_Init
                0x0000000008000628       0x5c ./Core/Src/i2c.o
                0x0000000008000628                MX_I2C1_Init
 .text.HAL_I2C_MspInit
                0x0000000008000684       0x90 ./Core/Src/i2c.o
                0x0000000008000684                HAL_I2C_MspInit
 .text.main     0x0000000008000714       0x90 ./Core/Src/main.o
                0x0000000008000714                main
 .text.SystemClock_Config
                0x00000000080007a4       0xc0 ./Core/Src/main.o
                0x00000000080007a4                SystemClock_Config
 .text.printScreen
                0x0000000008000864       0xb4 ./Core/Src/main.o
                0x0000000008000864                printScreen
 .text.HAL_UART_RxCpltCallback
                0x0000000008000918       0xb4 ./Core/Src/main.o
                0x0000000008000918                HAL_UART_RxCpltCallback
 .text.Error_Handler
                0x00000000080009cc        0xa ./Core/Src/main.o
                0x00000000080009cc                Error_Handler
 .text.init_dht11
                0x00000000080009d6       0x2c ./Core/Src/mk_dht11.o
                0x00000000080009d6                init_dht11
 .text.set_dht11_gpio_mode
                0x0000000008000a02       0x76 ./Core/Src/mk_dht11.o
                0x0000000008000a02                set_dht11_gpio_mode
 .text.readDHT11
                0x0000000008000a78      0x2f0 ./Core/Src/mk_dht11.o
                0x0000000008000a78                readDHT11
 .text.HAL_MspInit
                0x0000000008000d68       0x50 ./Core/Src/stm32f4xx_hal_msp.o
                0x0000000008000d68                HAL_MspInit
 .text.NMI_Handler
                0x0000000008000db8        0x6 ./Core/Src/stm32f4xx_it.o
                0x0000000008000db8                NMI_Handler
 .text.HardFault_Handler
                0x0000000008000dbe        0x6 ./Core/Src/stm32f4xx_it.o
                0x0000000008000dbe                HardFault_Handler
 .text.MemManage_Handler
                0x0000000008000dc4        0x6 ./Core/Src/stm32f4xx_it.o
                0x0000000008000dc4                MemManage_Handler
 .text.BusFault_Handler
                0x0000000008000dca        0x6 ./Core/Src/stm32f4xx_it.o
                0x0000000008000dca                BusFault_Handler
 .text.UsageFault_Handler
                0x0000000008000dd0        0x6 ./Core/Src/stm32f4xx_it.o
                0x0000000008000dd0                UsageFault_Handler
 .text.SVC_Handler
                0x0000000008000dd6        0xe ./Core/Src/stm32f4xx_it.o
                0x0000000008000dd6                SVC_Handler
 .text.DebugMon_Handler
                0x0000000008000de4        0xe ./Core/Src/stm32f4xx_it.o
                0x0000000008000de4                DebugMon_Handler
 .text.PendSV_Handler
                0x0000000008000df2        0xe ./Core/Src/stm32f4xx_it.o
                0x0000000008000df2                PendSV_Handler
 .text.SysTick_Handler
                0x0000000008000e00        0xc ./Core/Src/stm32f4xx_it.o
                0x0000000008000e00                SysTick_Handler
 .text.USART1_IRQHandler
                0x0000000008000e0c       0x14 ./Core/Src/stm32f4xx_it.o
                0x0000000008000e0c                USART1_IRQHandler
 .text._sbrk    0x0000000008000e20       0x6c ./Core/Src/sysmem.o
                0x0000000008000e20                _sbrk
 .text.SystemInit
                0x0000000008000e8c       0x24 ./Core/Src/system_stm32f4xx.o
                0x0000000008000e8c                SystemInit
 .text.MX_TIM2_Init
                0x0000000008000eb0       0x98 ./Core/Src/tim.o
                0x0000000008000eb0                MX_TIM2_Init
 .text.HAL_TIM_Base_MspInit
                0x0000000008000f48       0x40 ./Core/Src/tim.o
                0x0000000008000f48                HAL_TIM_Base_MspInit
 .text.MX_USART1_UART_Init
                0x0000000008000f88       0x54 ./Core/Src/usart.o
                0x0000000008000f88                MX_USART1_UART_Init
 .text.HAL_UART_MspInit
                0x0000000008000fdc       0xa0 ./Core/Src/usart.o
                0x0000000008000fdc                HAL_UART_MspInit
 .text.Reset_Handler
                0x000000000800107c       0x50 ./Core/Startup/startup_stm32f401ccux.o
                0x000000000800107c                Reset_Handler
 .text.Default_Handler
                0x00000000080010cc        0x2 ./Core/Startup/startup_stm32f401ccux.o
                0x00000000080010cc                RTC_Alarm_IRQHandler
                0x00000000080010cc                EXTI2_IRQHandler
                0x00000000080010cc                SPI4_IRQHandler
                0x00000000080010cc                TIM1_CC_IRQHandler
                0x00000000080010cc                DMA2_Stream5_IRQHandler
                0x00000000080010cc                DMA1_Stream5_IRQHandler
                0x00000000080010cc                PVD_IRQHandler
                0x00000000080010cc                SDIO_IRQHandler
                0x00000000080010cc                TAMP_STAMP_IRQHandler
                0x00000000080010cc                EXTI3_IRQHandler
                0x00000000080010cc                TIM1_UP_TIM10_IRQHandler
                0x00000000080010cc                I2C3_ER_IRQHandler
                0x00000000080010cc                EXTI0_IRQHandler
                0x00000000080010cc                I2C2_EV_IRQHandler
                0x00000000080010cc                DMA1_Stream2_IRQHandler
                0x00000000080010cc                FPU_IRQHandler
                0x00000000080010cc                DMA2_Stream2_IRQHandler
                0x00000000080010cc                SPI1_IRQHandler
                0x00000000080010cc                TIM1_BRK_TIM9_IRQHandler
                0x00000000080010cc                DMA2_Stream3_IRQHandler
                0x00000000080010cc                USART6_IRQHandler
                0x00000000080010cc                DMA2_Stream0_IRQHandler
                0x00000000080010cc                TIM4_IRQHandler
                0x00000000080010cc                I2C1_EV_IRQHandler
                0x00000000080010cc                DMA1_Stream6_IRQHandler
                0x00000000080010cc                DMA1_Stream1_IRQHandler
                0x00000000080010cc                TIM3_IRQHandler
                0x00000000080010cc                RCC_IRQHandler
                0x00000000080010cc                Default_Handler
                0x00000000080010cc                EXTI15_10_IRQHandler
                0x00000000080010cc                ADC_IRQHandler
                0x00000000080010cc                DMA1_Stream7_IRQHandler
                0x00000000080010cc                TIM5_IRQHandler
                0x00000000080010cc                DMA2_Stream7_IRQHandler
                0x00000000080010cc                I2C3_EV_IRQHandler
                0x00000000080010cc                EXTI9_5_IRQHandler
                0x00000000080010cc                RTC_WKUP_IRQHandler
                0x00000000080010cc                SPI2_IRQHandler
                0x00000000080010cc                DMA1_Stream0_IRQHandler
                0x00000000080010cc                EXTI4_IRQHandler
                0x00000000080010cc                WWDG_IRQHandler
                0x00000000080010cc                TIM2_IRQHandler
                0x00000000080010cc                OTG_FS_WKUP_IRQHandler
                0x00000000080010cc                TIM1_TRG_COM_TIM11_IRQHandler
                0x00000000080010cc                EXTI1_IRQHandler
                0x00000000080010cc                USART2_IRQHandler
                0x00000000080010cc                I2C2_ER_IRQHandler
                0x00000000080010cc                DMA2_Stream1_IRQHandler
                0x00000000080010cc                FLASH_IRQHandler
                0x00000000080010cc                DMA2_Stream4_IRQHandler
                0x00000000080010cc                OTG_FS_IRQHandler
                0x00000000080010cc                SPI3_IRQHandler
                0x00000000080010cc                DMA1_Stream4_IRQHandler
                0x00000000080010cc                I2C1_ER_IRQHandler
                0x00000000080010cc                DMA2_Stream6_IRQHandler
                0x00000000080010cc                DMA1_Stream3_IRQHandler
 .text.ssd1306_Reset
                0x00000000080010ce        0xe ./Drivers/OLED/ssd1306.o
                0x00000000080010ce                ssd1306_Reset
 .text.ssd1306_WriteCommand
                0x00000000080010dc       0x30 ./Drivers/OLED/ssd1306.o
                0x00000000080010dc                ssd1306_WriteCommand
 .text.ssd1306_WriteData
                0x000000000800110c       0x34 ./Drivers/OLED/ssd1306.o
                0x000000000800110c                ssd1306_WriteData
 .text.ssd1306_Init
                0x0000000008001140       0xd4 ./Drivers/OLED/ssd1306.o
                0x0000000008001140                ssd1306_Init
 .text.ssd1306_Fill
                0x0000000008001214       0x48 ./Drivers/OLED/ssd1306.o
                0x0000000008001214                ssd1306_Fill
 .text.ssd1306_UpdateScreen
                0x000000000800125c       0x50 ./Drivers/OLED/ssd1306.o
                0x000000000800125c                ssd1306_UpdateScreen
 .text.ssd1306_DrawPixel
                0x00000000080012ac       0xa8 ./Drivers/OLED/ssd1306.o
                0x00000000080012ac                ssd1306_DrawPixel
 .text.ssd1306_WriteChar
                0x0000000008001354      0x110 ./Drivers/OLED/ssd1306.o
                0x0000000008001354                ssd1306_WriteChar
 .text.ssd1306_WriteString
                0x0000000008001464       0x4c ./Drivers/OLED/ssd1306.o
                0x0000000008001464                ssd1306_WriteString
 .text.ssd1306_SetCursor
                0x00000000080014b0       0x30 ./Drivers/OLED/ssd1306.o
                0x00000000080014b0                ssd1306_SetCursor
 .text.ssd1306_DrawBitmap
                0x00000000080014e0       0xb6 ./Drivers/OLED/ssd1306.o
                0x00000000080014e0                ssd1306_DrawBitmap
 .text.ssd1306_SetContrast
                0x0000000008001596       0x26 ./Drivers/OLED/ssd1306.o
                0x0000000008001596                ssd1306_SetContrast
 .text.ssd1306_SetDisplayOn
                0x00000000080015bc       0x3c ./Drivers/OLED/ssd1306.o
                0x00000000080015bc                ssd1306_SetDisplayOn
 .text.HAL_Init
                0x00000000080015f8       0x44 ./Drivers/STM32F4xx_HAL_Driver/Src/stm32f4xx_hal.o
                0x00000000080015f8                HAL_Init
 .text.HAL_InitTick
                0x000000000800163c       0x60 ./Drivers/STM32F4xx_HAL_Driver/Src/stm32f4xx_hal.o
                0x000000000800163c                HAL_InitTick
 .text.HAL_IncTick
                0x000000000800169c       0x28 ./Drivers/STM32F4xx_HAL_Driver/Src/stm32f4xx_hal.o
                0x000000000800169c                HAL_IncTick
 .text.HAL_GetTick
                0x00000000080016c4       0x18 ./Drivers/STM32F4xx_HAL_Driver/Src/stm32f4xx_hal.o
                0x00000000080016c4                HAL_GetTick
 .text.HAL_Delay
                0x00000000080016dc       0x48 ./Drivers/STM32F4xx_HAL_Driver/Src/stm32f4xx_hal.o
                0x00000000080016dc                HAL_Delay
 .text.__NVIC_SetPriorityGrouping
                0x0000000008001724       0x48 ./Drivers/STM32F4xx_HAL_Driver/Src/stm32f4xx_hal_cortex.o
 .text.__NVIC_GetPriorityGrouping
                0x000000000800176c       0x1c ./Drivers/STM32F4xx_HAL_Driver/Src/stm32f4xx_hal_cortex.o
 .text.__NVIC_EnableIRQ
                0x0000000008001788       0x3c ./Drivers/STM32F4xx_HAL_Driver/Src/stm32f4xx_hal_cortex.o
 .text.__NVIC_SetPriority
                0x00000000080017c4       0x54 ./Drivers/STM32F4xx_HAL_Driver/Src/stm32f4xx_hal_cortex.o
 .text.NVIC_EncodePriority
                0x0000000008001818       0x66 ./Drivers/STM32F4xx_HAL_Driver/Src/stm32f4xx_hal_cortex.o
 *fill*         0x000000000800187e        0x2 
 .text.SysTick_Config
                0x0000000008001880       0x44 ./Drivers/STM32F4xx_HAL_Driver/Src/stm32f4xx_hal_cortex.o
 .text.HAL_NVIC_SetPriorityGrouping
                0x00000000080018c4       0x16 ./Drivers/STM32F4xx_HAL_Driver/Src/stm32f4xx_hal_cortex.o
                0x00000000080018c4                HAL_NVIC_SetPriorityGrouping
 .text.HAL_NVIC_SetPriority
                0x00000000080018da       0x38 ./Drivers/STM32F4xx_HAL_Driver/Src/stm32f4xx_hal_cortex.o
                0x00000000080018da                HAL_NVIC_SetPriority
 .text.HAL_NVIC_EnableIRQ
                0x0000000008001912       0x1c ./Drivers/STM32F4xx_HAL_Driver/Src/stm32f4xx_hal_cortex.o
                0x0000000008001912                HAL_NVIC_EnableIRQ
 .text.HAL_SYSTICK_Config
                0x000000000800192e       0x18 ./Drivers/STM32F4xx_HAL_Driver/Src/stm32f4xx_hal_cortex.o
                0x000000000800192e                HAL_SYSTICK_Config
 .text.HAL_DMA_Abort
                0x0000000008001946       0xe0 ./Drivers/STM32F4xx_HAL_Driver/Src/stm32f4xx_hal_dma.o
                0x0000000008001946                HAL_DMA_Abort
 .text.HAL_DMA_Abort_IT
                0x0000000008001a26       0x44 ./Drivers/STM32F4xx_HAL_Driver/Src/stm32f4xx_hal_dma.o
                0x0000000008001a26                HAL_DMA_Abort_IT
 *fill*         0x0000000008001a6a        0x2 
 .text.HAL_GPIO_Init
                0x0000000008001a6c      0x308 ./Drivers/STM32F4xx_HAL_Driver/Src/stm32f4xx_hal_gpio.o
                0x0000000008001a6c                HAL_GPIO_Init
 .text.HAL_GPIO_ReadPin
                0x0000000008001d74       0x30 ./Drivers/STM32F4xx_HAL_Driver/Src/stm32f4xx_hal_gpio.o
                0x0000000008001d74                HAL_GPIO_ReadPin
 .text.HAL_GPIO_WritePin
                0x0000000008001da4       0x32 ./Drivers/STM32F4xx_HAL_Driver/Src/stm32f4xx_hal_gpio.o
                0x0000000008001da4                HAL_GPIO_WritePin
 *fill*         0x0000000008001dd6        0x2 
 .text.HAL_I2C_Init
                0x0000000008001dd8      0x288 ./Drivers/STM32F4xx_HAL_Driver/Src/stm32f4xx_hal_i2c.o
                0x0000000008001dd8                HAL_I2C_Init
 .text.HAL_I2C_Mem_Write
                0x0000000008002060      0x1f4 ./Drivers/STM32F4xx_HAL_Driver/Src/stm32f4xx_hal_i2c.o
                0x0000000008002060                HAL_I2C_Mem_Write
 .text.I2C_RequestMemoryWrite
                0x0000000008002254      0x12c ./Drivers/STM32F4xx_HAL_Driver/Src/stm32f4xx_hal_i2c.o
 .text.I2C_WaitOnFlagUntilTimeout
                0x0000000008002380       0xae ./Drivers/STM32F4xx_HAL_Driver/Src/stm32f4xx_hal_i2c.o
 .text.I2C_WaitOnMasterAddressFlagUntilTimeout
                0x000000000800242e       0xfe ./Drivers/STM32F4xx_HAL_Driver/Src/stm32f4xx_hal_i2c.o
 .text.I2C_WaitOnTXEFlagUntilTimeout
                0x000000000800252c       0x82 ./Drivers/STM32F4xx_HAL_Driver/Src/stm32f4xx_hal_i2c.o
 .text.I2C_WaitOnBTFFlagUntilTimeout
                0x00000000080025ae       0x82 ./Drivers/STM32F4xx_HAL_Driver/Src/stm32f4xx_hal_i2c.o
 .text.I2C_IsAcknowledgeFailed
                0x0000000008002630       0x5e ./Drivers/STM32F4xx_HAL_Driver/Src/stm32f4xx_hal_i2c.o
 *fill*         0x000000000800268e        0x2 
 .text.HAL_RCC_OscConfig
                0x0000000008002690      0x4f0 ./Drivers/STM32F4xx_HAL_Driver/Src/stm32f4xx_hal_rcc.o
                0x0000000008002690                HAL_RCC_OscConfig
 .text.HAL_RCC_ClockConfig
                0x0000000008002b80      0x1cc ./Drivers/STM32F4xx_HAL_Driver/Src/stm32f4xx_hal_rcc.o
                0x0000000008002b80                HAL_RCC_ClockConfig
 .text.HAL_RCC_GetSysClockFreq
                0x0000000008002d4c      0x18c ./Drivers/STM32F4xx_HAL_Driver/Src/stm32f4xx_hal_rcc.o
                0x0000000008002d4c                HAL_RCC_GetSysClockFreq
 .text.HAL_RCC_GetHCLKFreq
                0x0000000008002ed8       0x18 ./Drivers/STM32F4xx_HAL_Driver/Src/stm32f4xx_hal_rcc.o
                0x0000000008002ed8                HAL_RCC_GetHCLKFreq
 .text.HAL_RCC_GetPCLK1Freq
                0x0000000008002ef0       0x28 ./Drivers/STM32F4xx_HAL_Driver/Src/stm32f4xx_hal_rcc.o
                0x0000000008002ef0                HAL_RCC_GetPCLK1Freq
 .text.HAL_RCC_GetPCLK2Freq
                0x0000000008002f18       0x28 ./Drivers/STM32F4xx_HAL_Driver/Src/stm32f4xx_hal_rcc.o
                0x0000000008002f18                HAL_RCC_GetPCLK2Freq
 .text.HAL_TIM_Base_Init
                0x0000000008002f40       0x9e ./Drivers/STM32F4xx_HAL_Driver/Src/stm32f4xx_hal_tim.o
                0x0000000008002f40                HAL_TIM_Base_Init
 *fill*         0x0000000008002fde        0x2 
 .text.HAL_TIM_Base_Start
                0x0000000008002fe0       0xb4 ./Drivers/STM32F4xx_HAL_Driver/Src/stm32f4xx_hal_tim.o
                0x0000000008002fe0                HAL_TIM_Base_Start
 .text.HAL_TIM_Base_Stop
                0x0000000008003094       0x4e ./Drivers/STM32F4xx_HAL_Driver/Src/stm32f4xx_hal_tim.o
                0x0000000008003094                HAL_TIM_Base_Stop
 .text.HAL_TIM_ConfigClockSource
                0x00000000080030e2      0x18e ./Drivers/STM32F4xx_HAL_Driver/Src/stm32f4xx_hal_tim.o
                0x00000000080030e2                HAL_TIM_ConfigClockSource
 .text.TIM_Base_SetConfig
                0x0000000008003270      0x100 ./Drivers/STM32F4xx_HAL_Driver/Src/stm32f4xx_hal_tim.o
                0x0000000008003270                TIM_Base_SetConfig
 .text.TIM_TI1_ConfigInputStage
                0x0000000008003370       0x5e ./Drivers/STM32F4xx_HAL_Driver/Src/stm32f4xx_hal_tim.o
 .text.TIM_TI2_ConfigInputStage
                0x00000000080033ce       0x60 ./Drivers/STM32F4xx_HAL_Driver/Src/stm32f4xx_hal_tim.o
 .text.TIM_ITRx_SetConfig
                0x000000000800342e       0x36 ./Drivers/STM32F4xx_HAL_Driver/Src/stm32f4xx_hal_tim.o
 .text.TIM_ETR_SetConfig
                0x0000000008003464       0x40 ./Drivers/STM32F4xx_HAL_Driver/Src/stm32f4xx_hal_tim.o
                0x0000000008003464                TIM_ETR_SetConfig
 .text.HAL_TIMEx_MasterConfigSynchronization
                0x00000000080034a4       0xdc ./Drivers/STM32F4xx_HAL_Driver/Src/stm32f4xx_hal_tim_ex.o
                0x00000000080034a4                HAL_TIMEx_MasterConfigSynchronization
 .text.HAL_UART_Init
                0x0000000008003580       0x9a ./Drivers/STM32F4xx_HAL_Driver/Src/stm32f4xx_hal_uart.o
                0x0000000008003580                HAL_UART_Init
 .text.HAL_UART_Transmit
                0x000000000800361a      0x124 ./Drivers/STM32F4xx_HAL_Driver/Src/stm32f4xx_hal_uart.o
                0x000000000800361a                HAL_UART_Transmit
 .text.HAL_UART_Receive_IT
                0x000000000800373e       0x60 ./Drivers/STM32F4xx_HAL_Driver/Src/stm32f4xx_hal_uart.o
                0x000000000800373e                HAL_UART_Receive_IT
 *fill*         0x000000000800379e        0x2 
 .text.HAL_UART_IRQHandler
                0x00000000080037a0      0x51c ./Drivers/STM32F4xx_HAL_Driver/Src/stm32f4xx_hal_uart.o
                0x00000000080037a0                HAL_UART_IRQHandler
 .text.HAL_UART_TxCpltCallback
                0x0000000008003cbc       0x14 ./Drivers/STM32F4xx_HAL_Driver/Src/stm32f4xx_hal_uart.o
                0x0000000008003cbc                HAL_UART_TxCpltCallback
 .text.HAL_UART_ErrorCallback
                0x0000000008003cd0       0x14 ./Drivers/STM32F4xx_HAL_Driver/Src/stm32f4xx_hal_uart.o
                0x0000000008003cd0                HAL_UART_ErrorCallback
 .text.HAL_UARTEx_RxEventCallback
                0x0000000008003ce4       0x18 ./Drivers/STM32F4xx_HAL_Driver/Src/stm32f4xx_hal_uart.o
                0x0000000008003ce4                HAL_UARTEx_RxEventCallback
 .text.UART_WaitOnFlagUntilTimeout
                0x0000000008003cfc       0xdc ./Drivers/STM32F4xx_HAL_Driver/Src/stm32f4xx_hal_uart.o
 .text.UART_Start_Receive_IT
                0x0000000008003dd8       0x7c ./Drivers/STM32F4xx_HAL_Driver/Src/stm32f4xx_hal_uart.o
                0x0000000008003dd8                UART_Start_Receive_IT
 .text.UART_EndRxTransfer
                0x0000000008003e54       0xc6 ./Drivers/STM32F4xx_HAL_Driver/Src/stm32f4xx_hal_uart.o
 .text.UART_DMAAbortOnError
                0x0000000008003f1a       0x28 ./Drivers/STM32F4xx_HAL_Driver/Src/stm32f4xx_hal_uart.o
 .text.UART_Transmit_IT
                0x0000000008003f42       0xa0 ./Drivers/STM32F4xx_HAL_Driver/Src/stm32f4xx_hal_uart.o
 .text.UART_EndTransmit_IT
                0x0000000008003fe2       0x30 ./Drivers/STM32F4xx_HAL_Driver/Src/stm32f4xx_hal_uart.o
 .text.UART_Receive_IT
                0x0000000008004012      0x176 ./Drivers/STM32F4xx_HAL_Driver/Src/stm32f4xx_hal_uart.o
 .text.UART_SetConfig
                0x0000000008004188      0x4e8 ./Drivers/STM32F4xx_HAL_Driver/Src/stm32f4xx_hal_uart.o
 .text.__errno  0x0000000008004670        0xc d:/stm32cubeide_1.10.1/stm32cubeide/plugins/com.st.stm32cube.ide.mcu.externaltools.gnu-tools-for-stm32.10.3-2021.10.win32_1.0.0.202111181127/tools/bin/../lib/gcc/arm-none-eabi/10.3.1/../../../../arm-none-eabi/lib/thumb/v7e-m+fp/hard\libc_nano.a(lib_a-errno.o)
                0x0000000008004670                __errno
 .text.__libc_init_array
                0x000000000800467c       0x48 d:/stm32cubeide_1.10.1/stm32cubeide/plugins/com.st.stm32cube.ide.mcu.externaltools.gnu-tools-for-stm32.10.3-2021.10.win32_1.0.0.202111181127/tools/bin/../lib/gcc/arm-none-eabi/10.3.1/../../../../arm-none-eabi/lib/thumb/v7e-m+fp/hard\libc_nano.a(lib_a-init.o)
                0x000000000800467c                __libc_init_array
 .text.memcpy   0x00000000080046c4       0x1c d:/stm32cubeide_1.10.1/stm32cubeide/plugins/com.st.stm32cube.ide.mcu.externaltools.gnu-tools-for-stm32.10.3-2021.10.win32_1.0.0.202111181127/tools/bin/../lib/gcc/arm-none-eabi/10.3.1/../../../../arm-none-eabi/lib/thumb/v7e-m+fp/hard\libc_nano.a(lib_a-memcpy-stub.o)
                0x00000000080046c4                memcpy
 .text.memset   0x00000000080046e0       0x10 d:/stm32cubeide_1.10.1/stm32cubeide/plugins/com.st.stm32cube.ide.mcu.externaltools.gnu-tools-for-stm32.10.3-2021.10.win32_1.0.0.202111181127/tools/bin/../lib/gcc/arm-none-eabi/10.3.1/../../../../arm-none-eabi/lib/thumb/v7e-m+fp/hard\libc_nano.a(lib_a-memset.o)
                0x00000000080046e0                memset
 .text.sprintf  0x00000000080046f0       0x40 d:/stm32cubeide_1.10.1/stm32cubeide/plugins/com.st.stm32cube.ide.mcu.externaltools.gnu-tools-for-stm32.10.3-2021.10.win32_1.0.0.202111181127/tools/bin/../lib/gcc/arm-none-eabi/10.3.1/../../../../arm-none-eabi/lib/thumb/v7e-m+fp/hard\libc_nano.a(lib_a-sprintf.o)
                0x00000000080046f0                siprintf
                0x00000000080046f0                sprintf
 .text.__ssputs_r
                0x0000000008004730       0xb6 d:/stm32cubeide_1.10.1/stm32cubeide/plugins/com.st.stm32cube.ide.mcu.externaltools.gnu-tools-for-stm32.10.3-2021.10.win32_1.0.0.202111181127/tools/bin/../lib/gcc/arm-none-eabi/10.3.1/../../../../arm-none-eabi/lib/thumb/v7e-m+fp/hard\libc_nano.a(lib_a-nano-svfprintf.o)
                0x0000000008004730                __ssputs_r
 *fill*         0x00000000080047e6        0x2 
 .text._svfprintf_r
                0x00000000080047e8      0x200 d:/stm32cubeide_1.10.1/stm32cubeide/plugins/com.st.stm32cube.ide.mcu.externaltools.gnu-tools-for-stm32.10.3-2021.10.win32_1.0.0.202111181127/tools/bin/../lib/gcc/arm-none-eabi/10.3.1/../../../../arm-none-eabi/lib/thumb/v7e-m+fp/hard\libc_nano.a(lib_a-nano-svfprintf.o)
                0x00000000080047e8                _svfiprintf_r
                0x00000000080047e8                _svfprintf_r
 .text._printf_common
                0x00000000080049e8       0xda d:/stm32cubeide_1.10.1/stm32cubeide/plugins/com.st.stm32cube.ide.mcu.externaltools.gnu-tools-for-stm32.10.3-2021.10.win32_1.0.0.202111181127/tools/bin/../lib/gcc/arm-none-eabi/10.3.1/../../../../arm-none-eabi/lib/thumb/v7e-m+fp/hard\libc_nano.a(lib_a-nano-vfprintf_i.o)
                0x00000000080049e8                _printf_common
 *fill*         0x0000000008004ac2        0x2 
 .text._printf_i
                0x0000000008004ac4      0x24c d:/stm32cubeide_1.10.1/stm32cubeide/plugins/com.st.stm32cube.ide.mcu.externaltools.gnu-tools-for-stm32.10.3-2021.10.win32_1.0.0.202111181127/tools/bin/../lib/gcc/arm-none-eabi/10.3.1/../../../../arm-none-eabi/lib/thumb/v7e-m+fp/hard\libc_nano.a(lib_a-nano-vfprintf_i.o)
                0x0000000008004ac4                _printf_i
 .text.memmove  0x0000000008004d10       0x34 d:/stm32cubeide_1.10.1/stm32cubeide/plugins/com.st.stm32cube.ide.mcu.externaltools.gnu-tools-for-stm32.10.3-2021.10.win32_1.0.0.202111181127/tools/bin/../lib/gcc/arm-none-eabi/10.3.1/../../../../arm-none-eabi/lib/thumb/v7e-m+fp/hard\libc_nano.a(lib_a-memmove.o)
                0x0000000008004d10                memmove
 .text._free_r  0x0000000008004d44       0x98 d:/stm32cubeide_1.10.1/stm32cubeide/plugins/com.st.stm32cube.ide.mcu.externaltools.gnu-tools-for-stm32.10.3-2021.10.win32_1.0.0.202111181127/tools/bin/../lib/gcc/arm-none-eabi/10.3.1/../../../../arm-none-eabi/lib/thumb/v7e-m+fp/hard\libc_nano.a(lib_a-nano-freer.o)
                0x0000000008004d44                _free_r
 .text.sbrk_aligned
                0x0000000008004ddc       0x40 d:/stm32cubeide_1.10.1/stm32cubeide/plugins/com.st.stm32cube.ide.mcu.externaltools.gnu-tools-for-stm32.10.3-2021.10.win32_1.0.0.202111181127/tools/bin/../lib/gcc/arm-none-eabi/10.3.1/../../../../arm-none-eabi/lib/thumb/v7e-m+fp/hard\libc_nano.a(lib_a-nano-mallocr.o)
 .text._malloc_r
                0x0000000008004e1c       0xe8 d:/stm32cubeide_1.10.1/stm32cubeide/plugins/com.st.stm32cube.ide.mcu.externaltools.gnu-tools-for-stm32.10.3-2021.10.win32_1.0.0.202111181127/tools/bin/../lib/gcc/arm-none-eabi/10.3.1/../../../../arm-none-eabi/lib/thumb/v7e-m+fp/hard\libc_nano.a(lib_a-nano-mallocr.o)
                0x0000000008004e1c                _malloc_r
 .text._realloc_r
                0x0000000008004f04       0x5e d:/stm32cubeide_1.10.1/stm32cubeide/plugins/com.st.stm32cube.ide.mcu.externaltools.gnu-tools-for-stm32.10.3-2021.10.win32_1.0.0.202111181127/tools/bin/../lib/gcc/arm-none-eabi/10.3.1/../../../../arm-none-eabi/lib/thumb/v7e-m+fp/hard\libc_nano.a(lib_a-nano-reallocr.o)
                0x0000000008004f04                _realloc_r
 *fill*         0x0000000008004f62        0x2 
 .text._sbrk_r  0x0000000008004f64       0x20 d:/stm32cubeide_1.10.1/stm32cubeide/plugins/com.st.stm32cube.ide.mcu.externaltools.gnu-tools-for-stm32.10.3-2021.10.win32_1.0.0.202111181127/tools/bin/../lib/gcc/arm-none-eabi/10.3.1/../../../../arm-none-eabi/lib/thumb/v7e-m+fp/hard\libc_nano.a(lib_a-sbrkr.o)
                0x0000000008004f64                _sbrk_r
 .text.__malloc_lock
                0x0000000008004f84        0xc d:/stm32cubeide_1.10.1/stm32cubeide/plugins/com.st.stm32cube.ide.mcu.externaltools.gnu-tools-for-stm32.10.3-2021.10.win32_1.0.0.202111181127/tools/bin/../lib/gcc/arm-none-eabi/10.3.1/../../../../arm-none-eabi/lib/thumb/v7e-m+fp/hard\libc_nano.a(lib_a-mlock.o)
                0x0000000008004f84                __malloc_lock
 .text.__malloc_unlock
                0x0000000008004f90        0xc d:/stm32cubeide_1.10.1/stm32cubeide/plugins/com.st.stm32cube.ide.mcu.externaltools.gnu-tools-for-stm32.10.3-2021.10.win32_1.0.0.202111181127/tools/bin/../lib/gcc/arm-none-eabi/10.3.1/../../../../arm-none-eabi/lib/thumb/v7e-m+fp/hard\libc_nano.a(lib_a-mlock.o)
                0x0000000008004f90                __malloc_unlock
 .text._malloc_usable_size_r
                0x0000000008004f9c       0x10 d:/stm32cubeide_1.10.1/stm32cubeide/plugins/com.st.stm32cube.ide.mcu.externaltools.gnu-tools-for-stm32.10.3-2021.10.win32_1.0.0.202111181127/tools/bin/../lib/gcc/arm-none-eabi/10.3.1/../../../../arm-none-eabi/lib/thumb/v7e-m+fp/hard\libc_nano.a(lib_a-nano-msizer.o)
                0x0000000008004f9c                _malloc_usable_size_r
 .text.__retarget_lock_acquire_recursive
                0x0000000008004fac        0x2 d:/stm32cubeide_1.10.1/stm32cubeide/plugins/com.st.stm32cube.ide.mcu.externaltools.gnu-tools-for-stm32.10.3-2021.10.win32_1.0.0.202111181127/tools/bin/../lib/gcc/arm-none-eabi/10.3.1/../../../../arm-none-eabi/lib/thumb/v7e-m+fp/hard\libc_nano.a(lib_a-lock.o)
                0x0000000008004fac                __retarget_lock_acquire_recursive
 .text.__retarget_lock_release_recursive
                0x0000000008004fae        0x2 d:/stm32cubeide_1.10.1/stm32cubeide/plugins/com.st.stm32cube.ide.mcu.externaltools.gnu-tools-for-stm32.10.3-2021.10.win32_1.0.0.202111181127/tools/bin/../lib/gcc/arm-none-eabi/10.3.1/../../../../arm-none-eabi/lib/thumb/v7e-m+fp/hard\libc_nano.a(lib_a-lock.o)
                0x0000000008004fae                __retarget_lock_release_recursive
 *(.glue_7)
 .glue_7        0x0000000008004fb0        0x0 linker stubs
 *(.glue_7t)
 .glue_7t       0x0000000008004fb0        0x0 linker stubs
 *(.eh_frame)
 .eh_frame      0x0000000008004fb0        0x0 d:/stm32cubeide_1.10.1/stm32cubeide/plugins/com.st.stm32cube.ide.mcu.externaltools.gnu-tools-for-stm32.10.3-2021.10.win32_1.0.0.202111181127/tools/bin/../lib/gcc/arm-none-eabi/10.3.1/thumb/v7e-m+fp/hard/crtbegin.o
 *(.init)
 .init          0x0000000008004fb0        0x4 d:/stm32cubeide_1.10.1/stm32cubeide/plugins/com.st.stm32cube.ide.mcu.externaltools.gnu-tools-for-stm32.10.3-2021.10.win32_1.0.0.202111181127/tools/bin/../lib/gcc/arm-none-eabi/10.3.1/thumb/v7e-m+fp/hard/crti.o
                0x0000000008004fb0                _init
 .init          0x0000000008004fb4        0x8 d:/stm32cubeide_1.10.1/stm32cubeide/plugins/com.st.stm32cube.ide.mcu.externaltools.gnu-tools-for-stm32.10.3-2021.10.win32_1.0.0.202111181127/tools/bin/../lib/gcc/arm-none-eabi/10.3.1/thumb/v7e-m+fp/hard/crtn.o
 *(.fini)
 .fini          0x0000000008004fbc        0x4 d:/stm32cubeide_1.10.1/stm32cubeide/plugins/com.st.stm32cube.ide.mcu.externaltools.gnu-tools-for-stm32.10.3-2021.10.win32_1.0.0.202111181127/tools/bin/../lib/gcc/arm-none-eabi/10.3.1/thumb/v7e-m+fp/hard/crti.o
                0x0000000008004fbc                _fini
 .fini          0x0000000008004fc0        0x8 d:/stm32cubeide_1.10.1/stm32cubeide/plugins/com.st.stm32cube.ide.mcu.externaltools.gnu-tools-for-stm32.10.3-2021.10.win32_1.0.0.202111181127/tools/bin/../lib/gcc/arm-none-eabi/10.3.1/thumb/v7e-m+fp/hard/crtn.o
                0x0000000008004fc8                . = ALIGN (0x4)
                0x0000000008004fc8                _etext = .

.vfp11_veneer   0x0000000008004fc8        0x0
 .vfp11_veneer  0x0000000008004fc8        0x0 linker stubs

.v4_bx          0x0000000008004fc8        0x0
 .v4_bx         0x0000000008004fc8        0x0 linker stubs

.iplt           0x0000000008004fc8        0x0
 .iplt          0x0000000008004fc8        0x0 d:/stm32cubeide_1.10.1/stm32cubeide/plugins/com.st.stm32cube.ide.mcu.externaltools.gnu-tools-for-stm32.10.3-2021.10.win32_1.0.0.202111181127/tools/bin/../lib/gcc/arm-none-eabi/10.3.1/thumb/v7e-m+fp/hard/crtbegin.o

.rodata         0x0000000008004fc8      0xee0
                0x0000000008004fc8                . = ALIGN (0x4)
 *(.rodata)
 .rodata        0x0000000008004fc8       0x36 ./Core/Src/main.o
 *(.rodata*)
 *fill*         0x0000000008004ffe        0x2 
 .rodata.weather
                0x0000000008005000       0x80 ./Core/Src/main.o
                0x0000000008005000                weather
 .rodata.humidity
                0x0000000008005080       0x80 ./Core/Src/main.o
                0x0000000008005080                humidity
 .rodata.AHBPrescTable
                0x0000000008005100       0x10 ./Core/Src/system_stm32f4xx.o
                0x0000000008005100                AHBPrescTable
 .rodata.APBPrescTable
                0x0000000008005110        0x8 ./Core/Src/system_stm32f4xx.o
                0x0000000008005110                APBPrescTable
 .rodata.Font11x18
                0x0000000008005118      0xd5c ./Drivers/OLED/ssd1306_fonts.o
 .rodata._svfprintf_r.str1.1
                0x0000000008005e74       0x11 d:/stm32cubeide_1.10.1/stm32cubeide/plugins/com.st.stm32cube.ide.mcu.externaltools.gnu-tools-for-stm32.10.3-2021.10.win32_1.0.0.202111181127/tools/bin/../lib/gcc/arm-none-eabi/10.3.1/../../../../arm-none-eabi/lib/thumb/v7e-m+fp/hard\libc_nano.a(lib_a-nano-svfprintf.o)
 .rodata._printf_i.str1.1
                0x0000000008005e85       0x22 d:/stm32cubeide_1.10.1/stm32cubeide/plugins/com.st.stm32cube.ide.mcu.externaltools.gnu-tools-for-stm32.10.3-2021.10.win32_1.0.0.202111181127/tools/bin/../lib/gcc/arm-none-eabi/10.3.1/../../../../arm-none-eabi/lib/thumb/v7e-m+fp/hard\libc_nano.a(lib_a-nano-vfprintf_i.o)
                0x0000000008005ea8                . = ALIGN (0x4)
 *fill*         0x0000000008005ea7        0x1 

.ARM.extab      0x0000000008005ea8        0x0
                0x0000000008005ea8                . = ALIGN (0x4)
 *(.ARM.extab* .gnu.linkonce.armextab.*)
                0x0000000008005ea8                . = ALIGN (0x4)

.ARM            0x0000000008005ea8        0x8
                0x0000000008005ea8                . = ALIGN (0x4)
                0x0000000008005ea8                __exidx_start = .
 *(.ARM.exidx*)
 .ARM.exidx     0x0000000008005ea8        0x8 d:/stm32cubeide_1.10.1/stm32cubeide/plugins/com.st.stm32cube.ide.mcu.externaltools.gnu-tools-for-stm32.10.3-2021.10.win32_1.0.0.202111181127/tools/bin/../lib/gcc/arm-none-eabi/10.3.1/thumb/v7e-m+fp/hard\libgcc.a(_udivmoddi4.o)
                0x0000000008005eb0                __exidx_end = .
                0x0000000008005eb0                . = ALIGN (0x4)

.rel.dyn        0x0000000008005eb0        0x0
 .rel.iplt      0x0000000008005eb0        0x0 d:/stm32cubeide_1.10.1/stm32cubeide/plugins/com.st.stm32cube.ide.mcu.externaltools.gnu-tools-for-stm32.10.3-2021.10.win32_1.0.0.202111181127/tools/bin/../lib/gcc/arm-none-eabi/10.3.1/thumb/v7e-m+fp/hard/crtbegin.o

.preinit_array  0x0000000008005eb0        0x0
                0x0000000008005eb0                . = ALIGN (0x4)
                0x0000000008005eb0                PROVIDE (__preinit_array_start = .)
 *(.preinit_array*)
                0x0000000008005eb0                PROVIDE (__preinit_array_end = .)
                0x0000000008005eb0                . = ALIGN (0x4)

.init_array     0x0000000008005eb0        0x4
                0x0000000008005eb0                . = ALIGN (0x4)
                0x0000000008005eb0                PROVIDE (__init_array_start = .)
 *(SORT_BY_NAME(.init_array.*))
 *(.init_array*)
 .init_array    0x0000000008005eb0        0x4 d:/stm32cubeide_1.10.1/stm32cubeide/plugins/com.st.stm32cube.ide.mcu.externaltools.gnu-tools-for-stm32.10.3-2021.10.win32_1.0.0.202111181127/tools/bin/../lib/gcc/arm-none-eabi/10.3.1/thumb/v7e-m+fp/hard/crtbegin.o
                0x0000000008005eb4                PROVIDE (__init_array_end = .)
                0x0000000008005eb4                . = ALIGN (0x4)

.fini_array     0x0000000008005eb4        0x4
                0x0000000008005eb4                . = ALIGN (0x4)
                [!provide]                        PROVIDE (__fini_array_start = .)
 *(SORT_BY_NAME(.fini_array.*))
 *(.fini_array*)
 .fini_array    0x0000000008005eb4        0x4 d:/stm32cubeide_1.10.1/stm32cubeide/plugins/com.st.stm32cube.ide.mcu.externaltools.gnu-tools-for-stm32.10.3-2021.10.win32_1.0.0.202111181127/tools/bin/../lib/gcc/arm-none-eabi/10.3.1/thumb/v7e-m+fp/hard/crtbegin.o
                [!provide]                        PROVIDE (__fini_array_end = .)
                0x0000000008005eb8                . = ALIGN (0x4)
                0x0000000008005eb8                _sidata = LOADADDR (.data)

.data           0x0000000020000000       0x7c load address 0x0000000008005eb8
                0x0000000020000000                . = ALIGN (0x4)
                0x0000000020000000                _sdata = .
 *(.data)
 *(.data*)
 .data.flaga    0x0000000020000000        0x1 ./Core/Src/main.o
                0x0000000020000000                flaga
 *fill*         0x0000000020000001        0x3 
 .data.SystemCoreClock
                0x0000000020000004        0x4 ./Core/Src/system_stm32f4xx.o
                0x0000000020000004                SystemCoreClock
 .data.Font_11x18
                0x0000000020000008        0x8 ./Drivers/OLED/ssd1306_fonts.o
                0x0000000020000008                Font_11x18
 .data.uwTickPrio
                0x0000000020000010        0x4 ./Drivers/STM32F4xx_HAL_Driver/Src/stm32f4xx_hal.o
                0x0000000020000010                uwTickPrio
 .data.uwTickFreq
                0x0000000020000014        0x1 ./Drivers/STM32F4xx_HAL_Driver/Src/stm32f4xx_hal.o
                0x0000000020000014                uwTickFreq
 *fill*         0x0000000020000015        0x3 
 .data._impure_ptr
                0x0000000020000018        0x4 d:/stm32cubeide_1.10.1/stm32cubeide/plugins/com.st.stm32cube.ide.mcu.externaltools.gnu-tools-for-stm32.10.3-2021.10.win32_1.0.0.202111181127/tools/bin/../lib/gcc/arm-none-eabi/10.3.1/../../../../arm-none-eabi/lib/thumb/v7e-m+fp/hard\libc_nano.a(lib_a-impure.o)
                0x0000000020000018                _impure_ptr
 .data.impure_data
                0x000000002000001c       0x60 d:/stm32cubeide_1.10.1/stm32cubeide/plugins/com.st.stm32cube.ide.mcu.externaltools.gnu-tools-for-stm32.10.3-2021.10.win32_1.0.0.202111181127/tools/bin/../lib/gcc/arm-none-eabi/10.3.1/../../../../arm-none-eabi/lib/thumb/v7e-m+fp/hard\libc_nano.a(lib_a-impure.o)
 *(.RamFunc)
 *(.RamFunc*)
                0x000000002000007c                . = ALIGN (0x4)
                0x000000002000007c                _edata = .

.igot.plt       0x000000002000007c        0x0 load address 0x0000000008005f34
 .igot.plt      0x000000002000007c        0x0 d:/stm32cubeide_1.10.1/stm32cubeide/plugins/com.st.stm32cube.ide.mcu.externaltools.gnu-tools-for-stm32.10.3-2021.10.win32_1.0.0.202111181127/tools/bin/../lib/gcc/arm-none-eabi/10.3.1/thumb/v7e-m+fp/hard/crtbegin.o
                0x000000002000007c                . = ALIGN (0x4)

.bss            0x000000002000007c      0x58c load address 0x0000000008005f34
                0x000000002000007c                _sbss = .
                0x000000002000007c                __bss_start__ = _sbss
 *(.bss)
 .bss           0x000000002000007c       0x1c d:/stm32cubeide_1.10.1/stm32cubeide/plugins/com.st.stm32cube.ide.mcu.externaltools.gnu-tools-for-stm32.10.3-2021.10.win32_1.0.0.202111181127/tools/bin/../lib/gcc/arm-none-eabi/10.3.1/thumb/v7e-m+fp/hard/crtbegin.o
 *(.bss*)
 .bss.hi2c1     0x0000000020000098       0x54 ./Core/Src/i2c.o
                0x0000000020000098                hi2c1
 .bss.text_temp
                0x00000000200000ec       0x14 ./Core/Src/main.o
                0x00000000200000ec                text_temp
 .bss.text_hum  0x0000000020000100       0x14 ./Core/Src/main.o
                0x0000000020000100                text_hum
 .bss.dht       0x0000000020000114       0x10 ./Core/Src/main.o
                0x0000000020000114                dht
 .bss.temp      0x0000000020000124        0x1 ./Core/Src/main.o
                0x0000000020000124                temp
 .bss.hum       0x0000000020000125        0x1 ./Core/Src/main.o
                0x0000000020000125                hum
 .bss.ParseBuffer
                0x0000000020000126        0x1 ./Core/Src/main.o
                0x0000000020000126                ParseBuffer
 *fill*         0x0000000020000127        0x1 
 .bss.data      0x0000000020000128       0x32 ./Core/Src/main.o
                0x0000000020000128                data
 *fill*         0x000000002000015a        0x2 
 .bss.__sbrk_heap_end
                0x000000002000015c        0x4 ./Core/Src/sysmem.o
 .bss.htim2     0x0000000020000160       0x48 ./Core/Src/tim.o
                0x0000000020000160                htim2
 .bss.huart1    0x00000000200001a8       0x44 ./Core/Src/usart.o
                0x00000000200001a8                huart1
 .bss.SSD1306_Buffer
                0x00000000200001ec      0x400 ./Drivers/OLED/ssd1306.o
 .bss.SSD1306   0x00000000200005ec        0x6 ./Drivers/OLED/ssd1306.o
 *fill*         0x00000000200005f2        0x2 
 .bss.uwTick    0x00000000200005f4        0x4 ./Drivers/STM32F4xx_HAL_Driver/Src/stm32f4xx_hal.o
                0x00000000200005f4                uwTick
 .bss.__malloc_free_list
                0x00000000200005f8        0x4 d:/stm32cubeide_1.10.1/stm32cubeide/plugins/com.st.stm32cube.ide.mcu.externaltools.gnu-tools-for-stm32.10.3-2021.10.win32_1.0.0.202111181127/tools/bin/../lib/gcc/arm-none-eabi/10.3.1/../../../../arm-none-eabi/lib/thumb/v7e-m+fp/hard\libc_nano.a(lib_a-nano-mallocr.o)
                0x00000000200005f8                __malloc_free_list
 .bss.__malloc_sbrk_start
                0x00000000200005fc        0x4 d:/stm32cubeide_1.10.1/stm32cubeide/plugins/com.st.stm32cube.ide.mcu.externaltools.gnu-tools-for-stm32.10.3-2021.10.win32_1.0.0.202111181127/tools/bin/../lib/gcc/arm-none-eabi/10.3.1/../../../../arm-none-eabi/lib/thumb/v7e-m+fp/hard\libc_nano.a(lib_a-nano-mallocr.o)
                0x00000000200005fc                __malloc_sbrk_start
 .bss.errno     0x0000000020000600        0x4 d:/stm32cubeide_1.10.1/stm32cubeide/plugins/com.st.stm32cube.ide.mcu.externaltools.gnu-tools-for-stm32.10.3-2021.10.win32_1.0.0.202111181127/tools/bin/../lib/gcc/arm-none-eabi/10.3.1/../../../../arm-none-eabi/lib/thumb/v7e-m+fp/hard\libc_nano.a(lib_a-reent.o)
                0x0000000020000600                errno
 .bss.__lock___malloc_recursive_mutex
                0x0000000020000604        0x1 d:/stm32cubeide_1.10.1/stm32cubeide/plugins/com.st.stm32cube.ide.mcu.externaltools.gnu-tools-for-stm32.10.3-2021.10.win32_1.0.0.202111181127/tools/bin/../lib/gcc/arm-none-eabi/10.3.1/../../../../arm-none-eabi/lib/thumb/v7e-m+fp/hard\libc_nano.a(lib_a-lock.o)
                0x0000000020000604                __lock___malloc_recursive_mutex
 *(COMMON)
                0x0000000020000608                . = ALIGN (0x4)
 *fill*         0x0000000020000605        0x3 
                0x0000000020000608                _ebss = .
                0x0000000020000608                __bss_end__ = _ebss

._user_heap_stack
                0x0000000020000608      0x600 load address 0x0000000008005f34
                0x0000000020000608                . = ALIGN (0x8)
                [!provide]                        PROVIDE (end = .)
                0x0000000020000608                PROVIDE (_end = .)
                0x0000000020000808                . = (. + _Min_Heap_Size)
 *fill*         0x0000000020000608      0x200 
                0x0000000020000c08                . = (. + _Min_Stack_Size)
 *fill*         0x0000000020000808      0x400 
                0x0000000020000c08                . = ALIGN (0x8)

/DISCARD/
 libc.a(*)
 libm.a(*)
 libgcc.a(*)

.ARM.attributes
                0x0000000000000000       0x30
 *(.ARM.attributes)
 .ARM.attributes
                0x0000000000000000       0x1e d:/stm32cubeide_1.10.1/stm32cubeide/plugins/com.st.stm32cube.ide.mcu.externaltools.gnu-tools-for-stm32.10.3-2021.10.win32_1.0.0.202111181127/tools/bin/../lib/gcc/arm-none-eabi/10.3.1/thumb/v7e-m+fp/hard/crti.o
 .ARM.attributes
                0x000000000000001e       0x34 d:/stm32cubeide_1.10.1/stm32cubeide/plugins/com.st.stm32cube.ide.mcu.externaltools.gnu-tools-for-stm32.10.3-2021.10.win32_1.0.0.202111181127/tools/bin/../lib/gcc/arm-none-eabi/10.3.1/thumb/v7e-m+fp/hard/crtbegin.o
 .ARM.attributes
                0x0000000000000052       0x34 ./Core/Src/gpio.o
 .ARM.attributes
                0x0000000000000086       0x34 ./Core/Src/i2c.o
 .ARM.attributes
                0x00000000000000ba       0x34 ./Core/Src/main.o
 .ARM.attributes
                0x00000000000000ee       0x34 ./Core/Src/mk_dht11.o
 .ARM.attributes
                0x0000000000000122       0x34 ./Core/Src/stm32f4xx_hal_msp.o
 .ARM.attributes
                0x0000000000000156       0x34 ./Core/Src/stm32f4xx_it.o
 .ARM.attributes
                0x000000000000018a       0x34 ./Core/Src/sysmem.o
 .ARM.attributes
                0x00000000000001be       0x34 ./Core/Src/system_stm32f4xx.o
 .ARM.attributes
                0x00000000000001f2       0x34 ./Core/Src/tim.o
 .ARM.attributes
                0x0000000000000226       0x34 ./Core/Src/usart.o
 .ARM.attributes
                0x000000000000025a       0x21 ./Core/Startup/startup_stm32f401ccux.o
 .ARM.attributes
                0x000000000000027b       0x34 ./Drivers/OLED/ssd1306.o
 .ARM.attributes
                0x00000000000002af       0x34 ./Drivers/OLED/ssd1306_fonts.o
 .ARM.attributes
                0x00000000000002e3       0x34 ./Drivers/STM32F4xx_HAL_Driver/Src/stm32f4xx_hal.o
 .ARM.attributes
                0x0000000000000317       0x34 ./Drivers/STM32F4xx_HAL_Driver/Src/stm32f4xx_hal_cortex.o
 .ARM.attributes
                0x000000000000034b       0x34 ./Drivers/STM32F4xx_HAL_Driver/Src/stm32f4xx_hal_dma.o
 .ARM.attributes
                0x000000000000037f       0x34 ./Drivers/STM32F4xx_HAL_Driver/Src/stm32f4xx_hal_gpio.o
 .ARM.attributes
                0x00000000000003b3       0x34 ./Drivers/STM32F4xx_HAL_Driver/Src/stm32f4xx_hal_i2c.o
 .ARM.attributes
                0x00000000000003e7       0x34 ./Drivers/STM32F4xx_HAL_Driver/Src/stm32f4xx_hal_rcc.o
 .ARM.attributes
                0x000000000000041b       0x34 ./Drivers/STM32F4xx_HAL_Driver/Src/stm32f4xx_hal_tim.o
 .ARM.attributes
                0x000000000000044f       0x34 ./Drivers/STM32F4xx_HAL_Driver/Src/stm32f4xx_hal_tim_ex.o
 .ARM.attributes
                0x0000000000000483       0x34 ./Drivers/STM32F4xx_HAL_Driver/Src/stm32f4xx_hal_uart.o
 .ARM.attributes
                0x00000000000004b7       0x34 d:/stm32cubeide_1.10.1/stm32cubeide/plugins/com.st.stm32cube.ide.mcu.externaltools.gnu-tools-for-stm32.10.3-2021.10.win32_1.0.0.202111181127/tools/bin/../lib/gcc/arm-none-eabi/10.3.1/../../../../arm-none-eabi/lib/thumb/v7e-m+fp/hard\libc_nano.a(lib_a-errno.o)
 .ARM.attributes
                0x00000000000004eb       0x34 d:/stm32cubeide_1.10.1/stm32cubeide/plugins/com.st.stm32cube.ide.mcu.externaltools.gnu-tools-for-stm32.10.3-2021.10.win32_1.0.0.202111181127/tools/bin/../lib/gcc/arm-none-eabi/10.3.1/../../../../arm-none-eabi/lib/thumb/v7e-m+fp/hard\libc_nano.a(lib_a-impure.o)
 .ARM.attributes
                0x000000000000051f       0x34 d:/stm32cubeide_1.10.1/stm32cubeide/plugins/com.st.stm32cube.ide.mcu.externaltools.gnu-tools-for-stm32.10.3-2021.10.win32_1.0.0.202111181127/tools/bin/../lib/gcc/arm-none-eabi/10.3.1/../../../../arm-none-eabi/lib/thumb/v7e-m+fp/hard\libc_nano.a(lib_a-init.o)
 .ARM.attributes
                0x0000000000000553       0x34 d:/stm32cubeide_1.10.1/stm32cubeide/plugins/com.st.stm32cube.ide.mcu.externaltools.gnu-tools-for-stm32.10.3-2021.10.win32_1.0.0.202111181127/tools/bin/../lib/gcc/arm-none-eabi/10.3.1/../../../../arm-none-eabi/lib/thumb/v7e-m+fp/hard\libc_nano.a(lib_a-memcpy-stub.o)
 .ARM.attributes
                0x0000000000000587       0x34 d:/stm32cubeide_1.10.1/stm32cubeide/plugins/com.st.stm32cube.ide.mcu.externaltools.gnu-tools-for-stm32.10.3-2021.10.win32_1.0.0.202111181127/tools/bin/../lib/gcc/arm-none-eabi/10.3.1/../../../../arm-none-eabi/lib/thumb/v7e-m+fp/hard\libc_nano.a(lib_a-memset.o)
 .ARM.attributes
                0x00000000000005bb       0x34 d:/stm32cubeide_1.10.1/stm32cubeide/plugins/com.st.stm32cube.ide.mcu.externaltools.gnu-tools-for-stm32.10.3-2021.10.win32_1.0.0.202111181127/tools/bin/../lib/gcc/arm-none-eabi/10.3.1/../../../../arm-none-eabi/lib/thumb/v7e-m+fp/hard\libc_nano.a(lib_a-sprintf.o)
 .ARM.attributes
                0x00000000000005ef       0x34 d:/stm32cubeide_1.10.1/stm32cubeide/plugins/com.st.stm32cube.ide.mcu.externaltools.gnu-tools-for-stm32.10.3-2021.10.win32_1.0.0.202111181127/tools/bin/../lib/gcc/arm-none-eabi/10.3.1/../../../../arm-none-eabi/lib/thumb/v7e-m+fp/hard\libc_nano.a(lib_a-nano-svfprintf.o)
 .ARM.attributes
                0x0000000000000623       0x34 d:/stm32cubeide_1.10.1/stm32cubeide/plugins/com.st.stm32cube.ide.mcu.externaltools.gnu-tools-for-stm32.10.3-2021.10.win32_1.0.0.202111181127/tools/bin/../lib/gcc/arm-none-eabi/10.3.1/../../../../arm-none-eabi/lib/thumb/v7e-m+fp/hard\libc_nano.a(lib_a-nano-vfprintf_i.o)
 .ARM.attributes
                0x0000000000000657       0x1c d:/stm32cubeide_1.10.1/stm32cubeide/plugins/com.st.stm32cube.ide.mcu.externaltools.gnu-tools-for-stm32.10.3-2021.10.win32_1.0.0.202111181127/tools/bin/../lib/gcc/arm-none-eabi/10.3.1/../../../../arm-none-eabi/lib/thumb/v7e-m+fp/hard\libc_nano.a(lib_a-memchr.o)
 .ARM.attributes
                0x0000000000000673       0x34 d:/stm32cubeide_1.10.1/stm32cubeide/plugins/com.st.stm32cube.ide.mcu.externaltools.gnu-tools-for-stm32.10.3-2021.10.win32_1.0.0.202111181127/tools/bin/../lib/gcc/arm-none-eabi/10.3.1/../../../../arm-none-eabi/lib/thumb/v7e-m+fp/hard\libc_nano.a(lib_a-memmove.o)
 .ARM.attributes
                0x00000000000006a7       0x34 d:/stm32cubeide_1.10.1/stm32cubeide/plugins/com.st.stm32cube.ide.mcu.externaltools.gnu-tools-for-stm32.10.3-2021.10.win32_1.0.0.202111181127/tools/bin/../lib/gcc/arm-none-eabi/10.3.1/../../../../arm-none-eabi/lib/thumb/v7e-m+fp/hard\libc_nano.a(lib_a-nano-freer.o)
 .ARM.attributes
                0x00000000000006db       0x34 d:/stm32cubeide_1.10.1/stm32cubeide/plugins/com.st.stm32cube.ide.mcu.externaltools.gnu-tools-for-stm32.10.3-2021.10.win32_1.0.0.202111181127/tools/bin/../lib/gcc/arm-none-eabi/10.3.1/../../../../arm-none-eabi/lib/thumb/v7e-m+fp/hard\libc_nano.a(lib_a-nano-mallocr.o)
 .ARM.attributes
                0x000000000000070f       0x34 d:/stm32cubeide_1.10.1/stm32cubeide/plugins/com.st.stm32cube.ide.mcu.externaltools.gnu-tools-for-stm32.10.3-2021.10.win32_1.0.0.202111181127/tools/bin/../lib/gcc/arm-none-eabi/10.3.1/../../../../arm-none-eabi/lib/thumb/v7e-m+fp/hard\libc_nano.a(lib_a-nano-reallocr.o)
 .ARM.attributes
                0x0000000000000743       0x34 d:/stm32cubeide_1.10.1/stm32cubeide/plugins/com.st.stm32cube.ide.mcu.externaltools.gnu-tools-for-stm32.10.3-2021.10.win32_1.0.0.202111181127/tools/bin/../lib/gcc/arm-none-eabi/10.3.1/../../../../arm-none-eabi/lib/thumb/v7e-m+fp/hard\libc_nano.a(lib_a-sbrkr.o)
 .ARM.attributes
                0x0000000000000777       0x34 d:/stm32cubeide_1.10.1/stm32cubeide/plugins/com.st.stm32cube.ide.mcu.externaltools.gnu-tools-for-stm32.10.3-2021.10.win32_1.0.0.202111181127/tools/bin/../lib/gcc/arm-none-eabi/10.3.1/../../../../arm-none-eabi/lib/thumb/v7e-m+fp/hard\libc_nano.a(lib_a-mlock.o)
 .ARM.attributes
                0x00000000000007ab       0x34 d:/stm32cubeide_1.10.1/stm32cubeide/plugins/com.st.stm32cube.ide.mcu.externaltools.gnu-tools-for-stm32.10.3-2021.10.win32_1.0.0.202111181127/tools/bin/../lib/gcc/arm-none-eabi/10.3.1/../../../../arm-none-eabi/lib/thumb/v7e-m+fp/hard\libc_nano.a(lib_a-nano-msizer.o)
 .ARM.attributes
                0x00000000000007df       0x34 d:/stm32cubeide_1.10.1/stm32cubeide/plugins/com.st.stm32cube.ide.mcu.externaltools.gnu-tools-for-stm32.10.3-2021.10.win32_1.0.0.202111181127/tools/bin/../lib/gcc/arm-none-eabi/10.3.1/../../../../arm-none-eabi/lib/thumb/v7e-m+fp/hard\libc_nano.a(lib_a-reent.o)
 .ARM.attributes
                0x0000000000000813       0x34 d:/stm32cubeide_1.10.1/stm32cubeide/plugins/com.st.stm32cube.ide.mcu.externaltools.gnu-tools-for-stm32.10.3-2021.10.win32_1.0.0.202111181127/tools/bin/../lib/gcc/arm-none-eabi/10.3.1/../../../../arm-none-eabi/lib/thumb/v7e-m+fp/hard\libc_nano.a(lib_a-lock.o)
 .ARM.attributes
                0x0000000000000847       0x1e d:/stm32cubeide_1.10.1/stm32cubeide/plugins/com.st.stm32cube.ide.mcu.externaltools.gnu-tools-for-stm32.10.3-2021.10.win32_1.0.0.202111181127/tools/bin/../lib/gcc/arm-none-eabi/10.3.1/thumb/v7e-m+fp/hard\libgcc.a(_aeabi_uldivmod.o)
 .ARM.attributes
                0x0000000000000865       0x34 d:/stm32cubeide_1.10.1/stm32cubeide/plugins/com.st.stm32cube.ide.mcu.externaltools.gnu-tools-for-stm32.10.3-2021.10.win32_1.0.0.202111181127/tools/bin/../lib/gcc/arm-none-eabi/10.3.1/thumb/v7e-m+fp/hard\libgcc.a(_udivmoddi4.o)
 .ARM.attributes
                0x0000000000000899       0x1e d:/stm32cubeide_1.10.1/stm32cubeide/plugins/com.st.stm32cube.ide.mcu.externaltools.gnu-tools-for-stm32.10.3-2021.10.win32_1.0.0.202111181127/tools/bin/../lib/gcc/arm-none-eabi/10.3.1/thumb/v7e-m+fp/hard\libgcc.a(_dvmd_tls.o)
 .ARM.attributes
                0x00000000000008b7       0x1e d:/stm32cubeide_1.10.1/stm32cubeide/plugins/com.st.stm32cube.ide.mcu.externaltools.gnu-tools-for-stm32.10.3-2021.10.win32_1.0.0.202111181127/tools/bin/../lib/gcc/arm-none-eabi/10.3.1/thumb/v7e-m+fp/hard/crtn.o
OUTPUT(oled_disp.elf elf32-littlearm)
LOAD linker stubs
LOAD d:/stm32cubeide_1.10.1/stm32cubeide/plugins/com.st.stm32cube.ide.mcu.externaltools.gnu-tools-for-stm32.10.3-2021.10.win32_1.0.0.202111181127/tools/bin/../lib/gcc/arm-none-eabi/10.3.1/../../../../arm-none-eabi/lib/thumb/v7e-m+fp/hard\libc.a
LOAD d:/stm32cubeide_1.10.1/stm32cubeide/plugins/com.st.stm32cube.ide.mcu.externaltools.gnu-tools-for-stm32.10.3-2021.10.win32_1.0.0.202111181127/tools/bin/../lib/gcc/arm-none-eabi/10.3.1/../../../../arm-none-eabi/lib/thumb/v7e-m+fp/hard\libm.a
LOAD d:/stm32cubeide_1.10.1/stm32cubeide/plugins/com.st.stm32cube.ide.mcu.externaltools.gnu-tools-for-stm32.10.3-2021.10.win32_1.0.0.202111181127/tools/bin/../lib/gcc/arm-none-eabi/10.3.1/thumb/v7e-m+fp/hard\libgcc.a

.debug_info     0x0000000000000000    0x13021
 .debug_info    0x0000000000000000      0x480 ./Core/Src/gpio.o
 .debug_info    0x0000000000000480      0xa40 ./Core/Src/i2c.o
 .debug_info    0x0000000000000ec0     0x11f2 ./Core/Src/main.o
 .debug_info    0x00000000000020b2      0xb23 ./Core/Src/mk_dht11.o
 .debug_info    0x0000000000002bd5      0x2d4 ./Core/Src/stm32f4xx_hal_msp.o
 .debug_info    0x0000000000002ea9      0x65d ./Core/Src/stm32f4xx_it.o
 .debug_info    0x0000000000003506      0x171 ./Core/Src/sysmem.o
 .debug_info    0x0000000000003677      0x54f ./Core/Src/system_stm32f4xx.o
 .debug_info    0x0000000000003bc6      0xa0a ./Core/Src/tim.o
 .debug_info    0x00000000000045d0      0xba2 ./Core/Src/usart.o
 .debug_info    0x0000000000005172       0x22 ./Core/Startup/startup_stm32f401ccux.o
 .debug_info    0x0000000000005194     0x125e ./Drivers/OLED/ssd1306.o
 .debug_info    0x00000000000063f2      0x1f2 ./Drivers/OLED/ssd1306_fonts.o
 .debug_info    0x00000000000065e4      0x906 ./Drivers/STM32F4xx_HAL_Driver/Src/stm32f4xx_hal.o
 .debug_info    0x0000000000006eea      0xd85 ./Drivers/STM32F4xx_HAL_Driver/Src/stm32f4xx_hal_cortex.o
 .debug_info    0x0000000000007c6f      0x947 ./Drivers/STM32F4xx_HAL_Driver/Src/stm32f4xx_hal_dma.o
 .debug_info    0x00000000000085b6      0x78e ./Drivers/STM32F4xx_HAL_Driver/Src/stm32f4xx_hal_gpio.o
 .debug_info    0x0000000000008d44     0x260f ./Drivers/STM32F4xx_HAL_Driver/Src/stm32f4xx_hal_i2c.o
 .debug_info    0x000000000000b353      0x98c ./Drivers/STM32F4xx_HAL_Driver/Src/stm32f4xx_hal_rcc.o
 .debug_info    0x000000000000bcdf     0x2bb6 ./Drivers/STM32F4xx_HAL_Driver/Src/stm32f4xx_hal_tim.o
 .debug_info    0x000000000000e895     0x15d8 ./Drivers/STM32F4xx_HAL_Driver/Src/stm32f4xx_hal_tim_ex.o
 .debug_info    0x000000000000fe6d     0x31b4 ./Drivers/STM32F4xx_HAL_Driver/Src/stm32f4xx_hal_uart.o

.debug_abbrev   0x0000000000000000     0x2a7a
 .debug_abbrev  0x0000000000000000      0x146 ./Core/Src/gpio.o
 .debug_abbrev  0x0000000000000146      0x1e0 ./Core/Src/i2c.o
 .debug_abbrev  0x0000000000000326      0x2a3 ./Core/Src/main.o
 .debug_abbrev  0x00000000000005c9      0x230 ./Core/Src/mk_dht11.o
 .debug_abbrev  0x00000000000007f9       0xd4 ./Core/Src/stm32f4xx_hal_msp.o
 .debug_abbrev  0x00000000000008cd      0x177 ./Core/Src/stm32f4xx_it.o
 .debug_abbrev  0x0000000000000a44       0xbb ./Core/Src/sysmem.o
 .debug_abbrev  0x0000000000000aff      0x116 ./Core/Src/system_stm32f4xx.o
 .debug_abbrev  0x0000000000000c15      0x1d3 ./Core/Src/tim.o
 .debug_abbrev  0x0000000000000de8      0x205 ./Core/Src/usart.o
 .debug_abbrev  0x0000000000000fed       0x12 ./Core/Startup/startup_stm32f401ccux.o
 .debug_abbrev  0x0000000000000fff      0x34f ./Drivers/OLED/ssd1306.o
 .debug_abbrev  0x000000000000134e       0xbe ./Drivers/OLED/ssd1306_fonts.o
 .debug_abbrev  0x000000000000140c      0x23e ./Drivers/STM32F4xx_HAL_Driver/Src/stm32f4xx_hal.o
 .debug_abbrev  0x000000000000164a      0x316 ./Drivers/STM32F4xx_HAL_Driver/Src/stm32f4xx_hal_cortex.o
 .debug_abbrev  0x0000000000001960      0x21b ./Drivers/STM32F4xx_HAL_Driver/Src/stm32f4xx_hal_dma.o
 .debug_abbrev  0x0000000000001b7b      0x1c4 ./Drivers/STM32F4xx_HAL_Driver/Src/stm32f4xx_hal_gpio.o
 .debug_abbrev  0x0000000000001d3f      0x2a8 ./Drivers/STM32F4xx_HAL_Driver/Src/stm32f4xx_hal_i2c.o
 .debug_abbrev  0x0000000000001fe7      0x2aa ./Drivers/STM32F4xx_HAL_Driver/Src/stm32f4xx_hal_rcc.o
 .debug_abbrev  0x0000000000002291      0x26e ./Drivers/STM32F4xx_HAL_Driver/Src/stm32f4xx_hal_tim.o
 .debug_abbrev  0x00000000000024ff      0x276 ./Drivers/STM32F4xx_HAL_Driver/Src/stm32f4xx_hal_tim_ex.o
 .debug_abbrev  0x0000000000002775      0x305 ./Drivers/STM32F4xx_HAL_Driver/Src/stm32f4xx_hal_uart.o

.debug_aranges  0x0000000000000000     0x1060
 .debug_aranges
                0x0000000000000000       0x20 ./Core/Src/gpio.o
 .debug_aranges
                0x0000000000000020       0x30 ./Core/Src/i2c.o
 .debug_aranges
                0x0000000000000050       0x40 ./Core/Src/main.o
 .debug_aranges
                0x0000000000000090       0x30 ./Core/Src/mk_dht11.o
 .debug_aranges
                0x00000000000000c0       0x20 ./Core/Src/stm32f4xx_hal_msp.o
 .debug_aranges
                0x00000000000000e0       0x68 ./Core/Src/stm32f4xx_it.o
 .debug_aranges
                0x0000000000000148       0x20 ./Core/Src/sysmem.o
 .debug_aranges
                0x0000000000000168       0x28 ./Core/Src/system_stm32f4xx.o
 .debug_aranges
                0x0000000000000190       0x30 ./Core/Src/tim.o
 .debug_aranges
                0x00000000000001c0       0x30 ./Core/Src/usart.o
 .debug_aranges
                0x00000000000001f0       0x28 ./Core/Startup/startup_stm32f401ccux.o
 .debug_aranges
                0x0000000000000218       0xe0 ./Drivers/OLED/ssd1306.o
 .debug_aranges
                0x00000000000002f8       0x18 ./Drivers/OLED/ssd1306_fonts.o
 .debug_aranges
                0x0000000000000310       0xf0 ./Drivers/STM32F4xx_HAL_Driver/Src/stm32f4xx_hal.o
 .debug_aranges
                0x0000000000000400      0x118 ./Drivers/STM32F4xx_HAL_Driver/Src/stm32f4xx_hal_cortex.o
 .debug_aranges
                0x0000000000000518       0x90 ./Drivers/STM32F4xx_HAL_Driver/Src/stm32f4xx_hal_dma.o
 .debug_aranges
                0x00000000000005a8       0x58 ./Drivers/STM32F4xx_HAL_Driver/Src/stm32f4xx_hal_gpio.o
 .debug_aranges
                0x0000000000000600      0x2a0 ./Drivers/STM32F4xx_HAL_Driver/Src/stm32f4xx_hal_i2c.o
 .debug_aranges
                0x00000000000008a0       0x88 ./Drivers/STM32F4xx_HAL_Driver/Src/stm32f4xx_hal_rcc.o
 .debug_aranges
                0x0000000000000928      0x3d0 ./Drivers/STM32F4xx_HAL_Driver/Src/stm32f4xx_hal_tim.o
 .debug_aranges
                0x0000000000000cf8      0x168 ./Drivers/STM32F4xx_HAL_Driver/Src/stm32f4xx_hal_tim_ex.o
 .debug_aranges
                0x0000000000000e60      0x200 ./Drivers/STM32F4xx_HAL_Driver/Src/stm32f4xx_hal_uart.o

.debug_ranges   0x0000000000000000      0xf48
 .debug_ranges  0x0000000000000000       0x10 ./Core/Src/gpio.o
 .debug_ranges  0x0000000000000010       0x20 ./Core/Src/i2c.o
 .debug_ranges  0x0000000000000030       0x30 ./Core/Src/main.o
 .debug_ranges  0x0000000000000060       0x20 ./Core/Src/mk_dht11.o
 .debug_ranges  0x0000000000000080       0x10 ./Core/Src/stm32f4xx_hal_msp.o
 .debug_ranges  0x0000000000000090       0x58 ./Core/Src/stm32f4xx_it.o
 .debug_ranges  0x00000000000000e8       0x10 ./Core/Src/sysmem.o
 .debug_ranges  0x00000000000000f8       0x18 ./Core/Src/system_stm32f4xx.o
 .debug_ranges  0x0000000000000110       0x20 ./Core/Src/tim.o
 .debug_ranges  0x0000000000000130       0x20 ./Core/Src/usart.o
 .debug_ranges  0x0000000000000150       0x20 ./Core/Startup/startup_stm32f401ccux.o
 .debug_ranges  0x0000000000000170       0xd0 ./Drivers/OLED/ssd1306.o
 .debug_ranges  0x0000000000000240       0xe0 ./Drivers/STM32F4xx_HAL_Driver/Src/stm32f4xx_hal.o
 .debug_ranges  0x0000000000000320      0x108 ./Drivers/STM32F4xx_HAL_Driver/Src/stm32f4xx_hal_cortex.o
 .debug_ranges  0x0000000000000428       0x80 ./Drivers/STM32F4xx_HAL_Driver/Src/stm32f4xx_hal_dma.o
 .debug_ranges  0x00000000000004a8       0x48 ./Drivers/STM32F4xx_HAL_Driver/Src/stm32f4xx_hal_gpio.o
 .debug_ranges  0x00000000000004f0      0x2a8 ./Drivers/STM32F4xx_HAL_Driver/Src/stm32f4xx_hal_i2c.o
 .debug_ranges  0x0000000000000798       0x78 ./Drivers/STM32F4xx_HAL_Driver/Src/stm32f4xx_hal_rcc.o
 .debug_ranges  0x0000000000000810      0x3c0 ./Drivers/STM32F4xx_HAL_Driver/Src/stm32f4xx_hal_tim.o
 .debug_ranges  0x0000000000000bd0      0x158 ./Drivers/STM32F4xx_HAL_Driver/Src/stm32f4xx_hal_tim_ex.o
 .debug_ranges  0x0000000000000d28      0x220 ./Drivers/STM32F4xx_HAL_Driver/Src/stm32f4xx_hal_uart.o

.debug_macro    0x0000000000000000    0x17bba
 .debug_macro   0x0000000000000000      0x1fb ./Core/Src/gpio.o
 .debug_macro   0x00000000000001fb      0xa78 ./Core/Src/gpio.o
 .debug_macro   0x0000000000000c73      0x2a1 ./Core/Src/gpio.o
 .debug_macro   0x0000000000000f14       0x2e ./Core/Src/gpio.o
 .debug_macro   0x0000000000000f42       0x28 ./Core/Src/gpio.o
 .debug_macro   0x0000000000000f6a       0x22 ./Core/Src/gpio.o
 .debug_macro   0x0000000000000f8c       0x8e ./Core/Src/gpio.o
 .debug_macro   0x000000000000101a       0x51 ./Core/Src/gpio.o
 .debug_macro   0x000000000000106b      0x103 ./Core/Src/gpio.o
 .debug_macro   0x000000000000116e       0x6a ./Core/Src/gpio.o
 .debug_macro   0x00000000000011d8      0x1df ./Core/Src/gpio.o
 .debug_macro   0x00000000000013b7       0x1c ./Core/Src/gpio.o
 .debug_macro   0x00000000000013d3       0x22 ./Core/Src/gpio.o
 .debug_macro   0x00000000000013f5       0xd9 ./Core/Src/gpio.o
 .debug_macro   0x00000000000014ce     0x102d ./Core/Src/gpio.o
 .debug_macro   0x00000000000024fb      0x11f ./Core/Src/gpio.o
 .debug_macro   0x000000000000261a     0xb86c ./Core/Src/gpio.o
 .debug_macro   0x000000000000de86       0x6d ./Core/Src/gpio.o
 .debug_macro   0x000000000000def3     0x367e ./Core/Src/gpio.o
 .debug_macro   0x0000000000011571      0x174 ./Core/Src/gpio.o
 .debug_macro   0x00000000000116e5       0x5c ./Core/Src/gpio.o
 .debug_macro   0x0000000000011741      0x416 ./Core/Src/gpio.o
 .debug_macro   0x0000000000011b57      0x9fe ./Core/Src/gpio.o
 .debug_macro   0x0000000000012555      0x115 ./Core/Src/gpio.o
 .debug_macro   0x000000000001266a       0xf8 ./Core/Src/gpio.o
 .debug_macro   0x0000000000012762       0xa5 ./Core/Src/gpio.o
 .debug_macro   0x0000000000012807      0x15f ./Core/Src/gpio.o
 .debug_macro   0x0000000000012966      0x287 ./Core/Src/gpio.o
 .debug_macro   0x0000000000012bed       0x5f ./Core/Src/gpio.o
 .debug_macro   0x0000000000012c4c      0x236 ./Core/Src/gpio.o
 .debug_macro   0x0000000000012e82      0x132 ./Core/Src/gpio.o
 .debug_macro   0x0000000000012fb4      0x23a ./Core/Src/gpio.o
 .debug_macro   0x00000000000131ee       0x2e ./Core/Src/gpio.o
 .debug_macro   0x000000000001321c      0x1b5 ./Core/Src/gpio.o
 .debug_macro   0x00000000000133d1       0x22 ./Core/Src/gpio.o
 .debug_macro   0x00000000000133f3       0xd6 ./Core/Src/gpio.o
 .debug_macro   0x00000000000134c9      0x11a ./Core/Src/gpio.o
 .debug_macro   0x00000000000135e3       0x85 ./Core/Src/gpio.o
 .debug_macro   0x0000000000013668       0x89 ./Core/Src/gpio.o
 .debug_macro   0x00000000000136f1      0x8e6 ./Core/Src/gpio.o
 .debug_macro   0x0000000000013fd7       0x47 ./Core/Src/gpio.o
 .debug_macro   0x000000000001401e      0x295 ./Core/Src/gpio.o
 .debug_macro   0x00000000000142b3      0x126 ./Core/Src/gpio.o
 .debug_macro   0x00000000000143d9      0x1fb ./Core/Src/i2c.o
 .debug_macro   0x00000000000145d4      0x40a ./Core/Src/main.o
 .debug_macro   0x00000000000149de       0x52 ./Core/Src/main.o
 .debug_macro   0x0000000000014a30       0x1e ./Core/Src/main.o
 .debug_macro   0x0000000000014a4e       0x3c ./Core/Src/main.o
 .debug_macro   0x0000000000014a8a       0x34 ./Core/Src/main.o
 .debug_macro   0x0000000000014abe       0x3a ./Core/Src/main.o
 .debug_macro   0x0000000000014af8       0x10 ./Core/Src/main.o
 .debug_macro   0x0000000000014b08       0x40 ./Core/Src/main.o
 .debug_macro   0x0000000000014b48       0x10 ./Core/Src/main.o
 .debug_macro   0x0000000000014b58       0x16 ./Core/Src/main.o
 .debug_macro   0x0000000000014b6e       0x35 ./Core/Src/main.o
 .debug_macro   0x0000000000014ba3      0x341 ./Core/Src/main.o
 .debug_macro   0x0000000000014ee4       0x10 ./Core/Src/main.o
 .debug_macro   0x0000000000014ef4       0x16 ./Core/Src/main.o
 .debug_macro   0x0000000000014f0a       0x43 ./Core/Src/main.o
 .debug_macro   0x0000000000014f4d       0x34 ./Core/Src/main.o
 .debug_macro   0x0000000000014f81       0x10 ./Core/Src/main.o
 .debug_macro   0x0000000000014f91       0x58 ./Core/Src/main.o
 .debug_macro   0x0000000000014fe9       0x71 ./Core/Src/main.o
 .debug_macro   0x000000000001505a       0x1c ./Core/Src/main.o
 .debug_macro   0x0000000000015076      0x12a ./Core/Src/main.o
 .debug_macro   0x00000000000151a0       0x10 ./Core/Src/main.o
 .debug_macro   0x00000000000151b0       0x1c ./Core/Src/main.o
 .debug_macro   0x00000000000151cc       0x52 ./Core/Src/main.o
 .debug_macro   0x000000000001521e       0x22 ./Core/Src/main.o
 .debug_macro   0x0000000000015240       0x10 ./Core/Src/main.o
 .debug_macro   0x0000000000015250       0x52 ./Core/Src/main.o
 .debug_macro   0x00000000000152a2       0xd5 ./Core/Src/main.o
 .debug_macro   0x0000000000015377       0x1c ./Core/Src/main.o
 .debug_macro   0x0000000000015393       0x3d ./Core/Src/main.o
 .debug_macro   0x00000000000153d0       0x16 ./Core/Src/main.o
 .debug_macro   0x00000000000153e6      0x145 ./Core/Src/main.o
 .debug_macro   0x000000000001552b       0x16 ./Core/Src/main.o
 .debug_macro   0x0000000000015541       0x20 ./Core/Src/main.o
 .debug_macro   0x0000000000015561      0x20a ./Core/Src/mk_dht11.o
 .debug_macro   0x000000000001576b      0x1f1 ./Core/Src/stm32f4xx_hal_msp.o
 .debug_macro   0x000000000001595c      0x1fb ./Core/Src/stm32f4xx_it.o
 .debug_macro   0x0000000000015b57       0xff ./Core/Src/sysmem.o
 .debug_macro   0x0000000000015c56      0x23b ./Core/Src/sysmem.o
 .debug_macro   0x0000000000015e91      0x1e7 ./Core/Src/system_stm32f4xx.o
 .debug_macro   0x0000000000016078      0x1fb ./Core/Src/tim.o
 .debug_macro   0x0000000000016273      0x1fb ./Core/Src/usart.o
 .debug_macro   0x000000000001646e      0x31b ./Drivers/OLED/ssd1306.o
 .debug_macro   0x0000000000016789       0x28 ./Drivers/OLED/ssd1306.o
 .debug_macro   0x00000000000167b1      0x19b ./Drivers/OLED/ssd1306.o
 .debug_macro   0x000000000001694c       0x76 ./Drivers/OLED/ssd1306_fonts.o
 .debug_macro   0x00000000000169c2      0x247 ./Drivers/STM32F4xx_HAL_Driver/Src/stm32f4xx_hal.o
 .debug_macro   0x0000000000016c09      0x1e7 ./Drivers/STM32F4xx_HAL_Driver/Src/stm32f4xx_hal_cortex.o
 .debug_macro   0x0000000000016df0      0x1ed ./Drivers/STM32F4xx_HAL_Driver/Src/stm32f4xx_hal_dma.o
 .debug_macro   0x0000000000016fdd      0x1ed ./Drivers/STM32F4xx_HAL_Driver/Src/stm32f4xx_hal_gpio.o
 .debug_macro   0x00000000000171ca      0x22e ./Drivers/STM32F4xx_HAL_Driver/Src/stm32f4xx_hal_i2c.o
 .debug_macro   0x00000000000173f8      0x20b ./Drivers/STM32F4xx_HAL_Driver/Src/stm32f4xx_hal_rcc.o
 .debug_macro   0x0000000000017603      0x1e8 ./Drivers/STM32F4xx_HAL_Driver/Src/stm32f4xx_hal_tim.o
 .debug_macro   0x00000000000177eb      0x1e7 ./Drivers/STM32F4xx_HAL_Driver/Src/stm32f4xx_hal_tim_ex.o
 .debug_macro   0x00000000000179d2      0x1e8 ./Drivers/STM32F4xx_HAL_Driver/Src/stm32f4xx_hal_uart.o

.debug_line     0x0000000000000000    0x14ee9
 .debug_line    0x0000000000000000      0x6ef ./Core/Src/gpio.o
 .debug_line    0x00000000000006ef      0x74a ./Core/Src/i2c.o
 .debug_line    0x0000000000000e39      0xa89 ./Core/Src/main.o
 .debug_line    0x00000000000018c2      0x943 ./Core/Src/mk_dht11.o
 .debug_line    0x0000000000002205      0x6e0 ./Core/Src/stm32f4xx_hal_msp.o
 .debug_line    0x00000000000028e5      0x7bb ./Core/Src/stm32f4xx_it.o
 .debug_line    0x00000000000030a0      0x4db ./Core/Src/sysmem.o
 .debug_line    0x000000000000357b      0x762 ./Core/Src/system_stm32f4xx.o
 .debug_line    0x0000000000003cdd      0x74b ./Core/Src/tim.o
 .debug_line    0x0000000000004428      0x74d ./Core/Src/usart.o
 .debug_line    0x0000000000004b75       0x88 ./Core/Startup/startup_stm32f401ccux.o
 .debug_line    0x0000000000004bfd      0xfd2 ./Drivers/OLED/ssd1306.o
 .debug_line    0x0000000000005bcf      0x38d ./Drivers/OLED/ssd1306_fonts.o
 .debug_line    0x0000000000005f5c      0x9c8 ./Drivers/STM32F4xx_HAL_Driver/Src/stm32f4xx_hal.o
 .debug_line    0x0000000000006924      0xc77 ./Drivers/STM32F4xx_HAL_Driver/Src/stm32f4xx_hal_cortex.o
 .debug_line    0x000000000000759b      0xf2c ./Drivers/STM32F4xx_HAL_Driver/Src/stm32f4xx_hal_dma.o
 .debug_line    0x00000000000084c7      0xb00 ./Drivers/STM32F4xx_HAL_Driver/Src/stm32f4xx_hal_gpio.o
 .debug_line    0x0000000000008fc7     0x397d ./Drivers/STM32F4xx_HAL_Driver/Src/stm32f4xx_hal_i2c.o
 .debug_line    0x000000000000c944      0xd42 ./Drivers/STM32F4xx_HAL_Driver/Src/stm32f4xx_hal_rcc.o
 .debug_line    0x000000000000d686     0x3496 ./Drivers/STM32F4xx_HAL_Driver/Src/stm32f4xx_hal_tim.o
 .debug_line    0x0000000000010b1c     0x1960 ./Drivers/STM32F4xx_HAL_Driver/Src/stm32f4xx_hal_tim_ex.o
 .debug_line    0x000000000001247c     0x2a6d ./Drivers/STM32F4xx_HAL_Driver/Src/stm32f4xx_hal_uart.o

.debug_str      0x0000000000000000    0x90e22
 .debug_str     0x0000000000000000    0x8757f ./Core/Src/gpio.o
                                      0x87809 (size before relaxing)
 .debug_str     0x000000000008757f      0x532 ./Core/Src/i2c.o
                                      0x87d3d (size before relaxing)
 .debug_str     0x0000000000087ab1     0x47ad ./Core/Src/main.o
                                      0x8c2d9 (size before relaxing)
 .debug_str     0x000000000008c25e       0xa1 ./Core/Src/mk_dht11.o
                                      0x87d64 (size before relaxing)
 .debug_str     0x000000000008c2ff       0x2c ./Core/Src/stm32f4xx_hal_msp.o
                                      0x8773e (size before relaxing)
 .debug_str     0x000000000008c32b       0xef ./Core/Src/stm32f4xx_it.o
                                      0x87b3a (size before relaxing)
 .debug_str     0x000000000008c41a      0x4da ./Core/Src/sysmem.o
                                       0x5d8c (size before relaxing)
 .debug_str     0x000000000008c8f4       0xdb ./Core/Src/system_stm32f4xx.o
                                      0x877ee (size before relaxing)
 .debug_str     0x000000000008c9cf      0x13c ./Core/Src/tim.o
                                      0x87ddf (size before relaxing)
 .debug_str     0x000000000008cb0b      0x419 ./Core/Src/usart.o
                                      0x88070 (size before relaxing)
 .debug_str     0x000000000008cf24       0x36 ./Core/Startup/startup_stm32f401ccux.o
                                         0x4e (size before relaxing)
 .debug_str     0x000000000008cf5a      0xc59 ./Drivers/OLED/ssd1306.o
                                      0x8b8c3 (size before relaxing)
 .debug_str     0x000000000008dbb3       0x63 ./Drivers/OLED/ssd1306_fonts.o
                                       0x3d52 (size before relaxing)
 .debug_str     0x000000000008dc16      0x60d ./Drivers/STM32F4xx_HAL_Driver/Src/stm32f4xx_hal.o
                                      0x88210 (size before relaxing)
 .debug_str     0x000000000008e223      0x323 ./Drivers/STM32F4xx_HAL_Driver/Src/stm32f4xx_hal_cortex.o
                                      0x87f31 (size before relaxing)
 .debug_str     0x000000000008e546      0x31d ./Drivers/STM32F4xx_HAL_Driver/Src/stm32f4xx_hal_dma.o
                                      0x87bf6 (size before relaxing)
 .debug_str     0x000000000008e863      0x10b ./Drivers/STM32F4xx_HAL_Driver/Src/stm32f4xx_hal_gpio.o
                                      0x87969 (size before relaxing)
 .debug_str     0x000000000008e96e      0xab3 ./Drivers/STM32F4xx_HAL_Driver/Src/stm32f4xx_hal_i2c.o
                                      0x887ac (size before relaxing)
 .debug_str     0x000000000008f421      0x213 ./Drivers/STM32F4xx_HAL_Driver/Src/stm32f4xx_hal_rcc.o
                                      0x87c22 (size before relaxing)
 .debug_str     0x000000000008f634      0xdbf ./Drivers/STM32F4xx_HAL_Driver/Src/stm32f4xx_hal_tim.o
                                      0x88b56 (size before relaxing)
 .debug_str     0x00000000000903f3      0x493 ./Drivers/STM32F4xx_HAL_Driver/Src/stm32f4xx_hal_tim_ex.o
                                      0x88372 (size before relaxing)
 .debug_str     0x0000000000090886      0x59c ./Drivers/STM32F4xx_HAL_Driver/Src/stm32f4xx_hal_uart.o
                                      0x881af (size before relaxing)

.comment        0x0000000000000000       0x50
 .comment       0x0000000000000000       0x50 ./Core/Src/gpio.o
                                         0x51 (size before relaxing)
 .comment       0x0000000000000050       0x51 ./Core/Src/i2c.o
 .comment       0x0000000000000050       0x51 ./Core/Src/main.o
 .comment       0x0000000000000050       0x51 ./Core/Src/mk_dht11.o
 .comment       0x0000000000000050       0x51 ./Core/Src/stm32f4xx_hal_msp.o
 .comment       0x0000000000000050       0x51 ./Core/Src/stm32f4xx_it.o
 .comment       0x0000000000000050       0x51 ./Core/Src/sysmem.o
 .comment       0x0000000000000050       0x51 ./Core/Src/system_stm32f4xx.o
 .comment       0x0000000000000050       0x51 ./Core/Src/tim.o
 .comment       0x0000000000000050       0x51 ./Core/Src/usart.o
 .comment       0x0000000000000050       0x51 ./Drivers/OLED/ssd1306.o
 .comment       0x0000000000000050       0x51 ./Drivers/OLED/ssd1306_fonts.o
 .comment       0x0000000000000050       0x51 ./Drivers/STM32F4xx_HAL_Driver/Src/stm32f4xx_hal.o
 .comment       0x0000000000000050       0x51 ./Drivers/STM32F4xx_HAL_Driver/Src/stm32f4xx_hal_cortex.o
 .comment       0x0000000000000050       0x51 ./Drivers/STM32F4xx_HAL_Driver/Src/stm32f4xx_hal_dma.o
 .comment       0x0000000000000050       0x51 ./Drivers/STM32F4xx_HAL_Driver/Src/stm32f4xx_hal_gpio.o
 .comment       0x0000000000000050       0x51 ./Drivers/STM32F4xx_HAL_Driver/Src/stm32f4xx_hal_i2c.o
 .comment       0x0000000000000050       0x51 ./Drivers/STM32F4xx_HAL_Driver/Src/stm32f4xx_hal_rcc.o
 .comment       0x0000000000000050       0x51 ./Drivers/STM32F4xx_HAL_Driver/Src/stm32f4xx_hal_tim.o
 .comment       0x0000000000000050       0x51 ./Drivers/STM32F4xx_HAL_Driver/Src/stm32f4xx_hal_tim_ex.o
 .comment       0x0000000000000050       0x51 ./Drivers/STM32F4xx_HAL_Driver/Src/stm32f4xx_hal_uart.o

.debug_frame    0x0000000000000000     0x4850
 .debug_frame   0x0000000000000000       0x34 ./Core/Src/gpio.o
 .debug_frame   0x0000000000000034       0x74 ./Core/Src/i2c.o
 .debug_frame   0x00000000000000a8       0xb0 ./Core/Src/main.o
 .debug_frame   0x0000000000000158       0x84 ./Core/Src/mk_dht11.o
 .debug_frame   0x00000000000001dc       0x38 ./Core/Src/stm32f4xx_hal_msp.o
 .debug_frame   0x0000000000000214      0x120 ./Core/Src/stm32f4xx_it.o
 .debug_frame   0x0000000000000334       0x34 ./Core/Src/sysmem.o
 .debug_frame   0x0000000000000368       0x58 ./Core/Src/system_stm32f4xx.o
 .debug_frame   0x00000000000003c0       0x84 ./Core/Src/tim.o
 .debug_frame   0x0000000000000444       0x74 ./Core/Src/usart.o
 .debug_frame   0x00000000000004b8      0x3c0 ./Drivers/OLED/ssd1306.o
 .debug_frame   0x0000000000000878      0x374 ./Drivers/STM32F4xx_HAL_Driver/Src/stm32f4xx_hal.o
 .debug_frame   0x0000000000000bec      0x498 ./Drivers/STM32F4xx_HAL_Driver/Src/stm32f4xx_hal_cortex.o
 .debug_frame   0x0000000000001084      0x250 ./Drivers/STM32F4xx_HAL_Driver/Src/stm32f4xx_hal_dma.o
 .debug_frame   0x00000000000012d4      0x14c ./Drivers/STM32F4xx_HAL_Driver/Src/stm32f4xx_hal_gpio.o
 .debug_frame   0x0000000000001420      0xc5c ./Drivers/STM32F4xx_HAL_Driver/Src/stm32f4xx_hal_i2c.o
 .debug_frame   0x000000000000207c      0x1f4 ./Drivers/STM32F4xx_HAL_Driver/Src/stm32f4xx_hal_rcc.o
 .debug_frame   0x0000000000002270     0x11bc ./Drivers/STM32F4xx_HAL_Driver/Src/stm32f4xx_hal_tim.o
 .debug_frame   0x000000000000342c      0x638 ./Drivers/STM32F4xx_HAL_Driver/Src/stm32f4xx_hal_tim_ex.o
 .debug_frame   0x0000000000003a64      0x92c ./Drivers/STM32F4xx_HAL_Driver/Src/stm32f4xx_hal_uart.o
 .debug_frame   0x0000000000004390       0x20 d:/stm32cubeide_1.10.1/stm32cubeide/plugins/com.st.stm32cube.ide.mcu.externaltools.gnu-tools-for-stm32.10.3-2021.10.win32_1.0.0.202111181127/tools/bin/../lib/gcc/arm-none-eabi/10.3.1/../../../../arm-none-eabi/lib/thumb/v7e-m+fp/hard\libc_nano.a(lib_a-errno.o)
 .debug_frame   0x00000000000043b0       0x2c d:/stm32cubeide_1.10.1/stm32cubeide/plugins/com.st.stm32cube.ide.mcu.externaltools.gnu-tools-for-stm32.10.3-2021.10.win32_1.0.0.202111181127/tools/bin/../lib/gcc/arm-none-eabi/10.3.1/../../../../arm-none-eabi/lib/thumb/v7e-m+fp/hard\libc_nano.a(lib_a-init.o)
 .debug_frame   0x00000000000043dc       0x28 d:/stm32cubeide_1.10.1/stm32cubeide/plugins/com.st.stm32cube.ide.mcu.externaltools.gnu-tools-for-stm32.10.3-2021.10.win32_1.0.0.202111181127/tools/bin/../lib/gcc/arm-none-eabi/10.3.1/../../../../arm-none-eabi/lib/thumb/v7e-m+fp/hard\libc_nano.a(lib_a-memcpy-stub.o)
 .debug_frame   0x0000000000004404       0x20 d:/stm32cubeide_1.10.1/stm32cubeide/plugins/com.st.stm32cube.ide.mcu.externaltools.gnu-tools-for-stm32.10.3-2021.10.win32_1.0.0.202111181127/tools/bin/../lib/gcc/arm-none-eabi/10.3.1/../../../../arm-none-eabi/lib/thumb/v7e-m+fp/hard\libc_nano.a(lib_a-memset.o)
 .debug_frame   0x0000000000004424       0x6c d:/stm32cubeide_1.10.1/stm32cubeide/plugins/com.st.stm32cube.ide.mcu.externaltools.gnu-tools-for-stm32.10.3-2021.10.win32_1.0.0.202111181127/tools/bin/../lib/gcc/arm-none-eabi/10.3.1/../../../../arm-none-eabi/lib/thumb/v7e-m+fp/hard\libc_nano.a(lib_a-sprintf.o)
 .debug_frame   0x0000000000004490       0x90 d:/stm32cubeide_1.10.1/stm32cubeide/plugins/com.st.stm32cube.ide.mcu.externaltools.gnu-tools-for-stm32.10.3-2021.10.win32_1.0.0.202111181127/tools/bin/../lib/gcc/arm-none-eabi/10.3.1/../../../../arm-none-eabi/lib/thumb/v7e-m+fp/hard\libc_nano.a(lib_a-nano-svfprintf.o)
 .debug_frame   0x0000000000004520       0x60 d:/stm32cubeide_1.10.1/stm32cubeide/plugins/com.st.stm32cube.ide.mcu.externaltools.gnu-tools-for-stm32.10.3-2021.10.win32_1.0.0.202111181127/tools/bin/../lib/gcc/arm-none-eabi/10.3.1/../../../../arm-none-eabi/lib/thumb/v7e-m+fp/hard\libc_nano.a(lib_a-nano-vfprintf_i.o)
 .debug_frame   0x0000000000004580       0x28 d:/stm32cubeide_1.10.1/stm32cubeide/plugins/com.st.stm32cube.ide.mcu.externaltools.gnu-tools-for-stm32.10.3-2021.10.win32_1.0.0.202111181127/tools/bin/../lib/gcc/arm-none-eabi/10.3.1/../../../../arm-none-eabi/lib/thumb/v7e-m+fp/hard\libc_nano.a(lib_a-memmove.o)
 .debug_frame   0x00000000000045a8       0x38 d:/stm32cubeide_1.10.1/stm32cubeide/plugins/com.st.stm32cube.ide.mcu.externaltools.gnu-tools-for-stm32.10.3-2021.10.win32_1.0.0.202111181127/tools/bin/../lib/gcc/arm-none-eabi/10.3.1/../../../../arm-none-eabi/lib/thumb/v7e-m+fp/hard\libc_nano.a(lib_a-nano-freer.o)
 .debug_frame   0x00000000000045e0       0x4c d:/stm32cubeide_1.10.1/stm32cubeide/plugins/com.st.stm32cube.ide.mcu.externaltools.gnu-tools-for-stm32.10.3-2021.10.win32_1.0.0.202111181127/tools/bin/../lib/gcc/arm-none-eabi/10.3.1/../../../../arm-none-eabi/lib/thumb/v7e-m+fp/hard\libc_nano.a(lib_a-nano-mallocr.o)
 .debug_frame   0x000000000000462c       0x3c d:/stm32cubeide_1.10.1/stm32cubeide/plugins/com.st.stm32cube.ide.mcu.externaltools.gnu-tools-for-stm32.10.3-2021.10.win32_1.0.0.202111181127/tools/bin/../lib/gcc/arm-none-eabi/10.3.1/../../../../arm-none-eabi/lib/thumb/v7e-m+fp/hard\libc_nano.a(lib_a-nano-reallocr.o)
 .debug_frame   0x0000000000004668       0x2c d:/stm32cubeide_1.10.1/stm32cubeide/plugins/com.st.stm32cube.ide.mcu.externaltools.gnu-tools-for-stm32.10.3-2021.10.win32_1.0.0.202111181127/tools/bin/../lib/gcc/arm-none-eabi/10.3.1/../../../../arm-none-eabi/lib/thumb/v7e-m+fp/hard\libc_nano.a(lib_a-sbrkr.o)
 .debug_frame   0x0000000000004694       0x30 d:/stm32cubeide_1.10.1/stm32cubeide/plugins/com.st.stm32cube.ide.mcu.externaltools.gnu-tools-for-stm32.10.3-2021.10.win32_1.0.0.202111181127/tools/bin/../lib/gcc/arm-none-eabi/10.3.1/../../../../arm-none-eabi/lib/thumb/v7e-m+fp/hard\libc_nano.a(lib_a-mlock.o)
 .debug_frame   0x00000000000046c4       0x20 d:/stm32cubeide_1.10.1/stm32cubeide/plugins/com.st.stm32cube.ide.mcu.externaltools.gnu-tools-for-stm32.10.3-2021.10.win32_1.0.0.202111181127/tools/bin/../lib/gcc/arm-none-eabi/10.3.1/../../../../arm-none-eabi/lib/thumb/v7e-m+fp/hard\libc_nano.a(lib_a-nano-msizer.o)
 .debug_frame   0x00000000000046e4       0x5c d:/stm32cubeide_1.10.1/stm32cubeide/plugins/com.st.stm32cube.ide.mcu.externaltools.gnu-tools-for-stm32.10.3-2021.10.win32_1.0.0.202111181127/tools/bin/../lib/gcc/arm-none-eabi/10.3.1/../../../../arm-none-eabi/lib/thumb/v7e-m+fp/hard\libc_nano.a(lib_a-reent.o)
 .debug_frame   0x0000000000004740       0xb0 d:/stm32cubeide_1.10.1/stm32cubeide/plugins/com.st.stm32cube.ide.mcu.externaltools.gnu-tools-for-stm32.10.3-2021.10.win32_1.0.0.202111181127/tools/bin/../lib/gcc/arm-none-eabi/10.3.1/../../../../arm-none-eabi/lib/thumb/v7e-m+fp/hard\libc_nano.a(lib_a-lock.o)
 .debug_frame   0x00000000000047f0       0x2c d:/stm32cubeide_1.10.1/stm32cubeide/plugins/com.st.stm32cube.ide.mcu.externaltools.gnu-tools-for-stm32.10.3-2021.10.win32_1.0.0.202111181127/tools/bin/../lib/gcc/arm-none-eabi/10.3.1/thumb/v7e-m+fp/hard\libgcc.a(_aeabi_uldivmod.o)
 .debug_frame   0x000000000000481c       0x34 d:/stm32cubeide_1.10.1/stm32cubeide/plugins/com.st.stm32cube.ide.mcu.externaltools.gnu-tools-for-stm32.10.3-2021.10.win32_1.0.0.202111181127/tools/bin/../lib/gcc/arm-none-eabi/10.3.1/thumb/v7e-m+fp/hard\libgcc.a(_udivmoddi4.o)
